01:07:25 **** Incremental Build of configuration Debug for project 001_freeRTOS_FirstSight ****
make -j8 all 
arm-none-eabi-gcc "../ThirdParty/freeRTOS/portable/MemMang/heap_4.c" -mcpu=cortex-m4 -std=gnu11 -g3 -DDEBUG -DUSE_HAL_DRIVER -DSTM32F407xx -c -I../Core/Inc -I"C:/Users/yunus/STM32CubeIDE/freeRTOS_Experiences/001_freeRTOS_FirstSight/ThirdParty/freeRTOS" -I"C:/Users/yunus/STM32CubeIDE/freeRTOS_Experiences/001_freeRTOS_FirstSight/ThirdParty/freeRTOS/include" -I"C:/Users/yunus/STM32CubeIDE/freeRTOS_Experiences/001_freeRTOS_FirstSight/ThirdParty/freeRTOS/portable/GCC/ARM_CM4F" -I../Drivers/STM32F4xx_HAL_Driver/Inc -I../Drivers/STM32F4xx_HAL_Driver/Inc/Legacy -I../Drivers/CMSIS/Device/ST/STM32F4xx/Include -I../Drivers/CMSIS/Include -O0 -ffunction-sections -fdata-sections -Wall -fstack-usage -fcyclomatic-complexity -MMD -MP -MF"ThirdParty/freeRTOS/portable/MemMang/heap_4.d" -MT"ThirdParty/freeRTOS/portable/MemMang/heap_4.o" --specs=nano.specs -mfpu=fpv4-sp-d16 -mfloat-abi=hard -mthumb -o "ThirdParty/freeRTOS/portable/MemMang/heap_4.o"
arm-none-eabi-gcc "../ThirdParty/freeRTOS/portable/GCC/ARM_CM4F/port.c" -mcpu=cortex-m4 -std=gnu11 -g3 -DDEBUG -DUSE_HAL_DRIVER -DSTM32F407xx -c -I../Core/Inc -I"C:/Users/yunus/STM32CubeIDE/freeRTOS_Experiences/001_freeRTOS_FirstSight/ThirdParty/freeRTOS" -I"C:/Users/yunus/STM32CubeIDE/freeRTOS_Experiences/001_freeRTOS_FirstSight/ThirdParty/freeRTOS/include" -I"C:/Users/yunus/STM32CubeIDE/freeRTOS_Experiences/001_freeRTOS_FirstSight/ThirdParty/freeRTOS/portable/GCC/ARM_CM4F" -I../Drivers/STM32F4xx_HAL_Driver/Inc -I../Drivers/STM32F4xx_HAL_Driver/Inc/Legacy -I../Drivers/CMSIS/Device/ST/STM32F4xx/Include -I../Drivers/CMSIS/Include -O0 -ffunction-sections -fdata-sections -Wall -fstack-usage -fcyclomatic-complexity -MMD -MP -MF"ThirdParty/freeRTOS/portable/GCC/ARM_CM4F/port.d" -MT"ThirdParty/freeRTOS/portable/GCC/ARM_CM4F/port.o" --specs=nano.specs -mfpu=fpv4-sp-d16 -mfloat-abi=hard -mthumb -o "ThirdParty/freeRTOS/portable/GCC/ARM_CM4F/port.o"
arm-none-eabi-gcc "../ThirdParty/freeRTOS/croutine.c" -mcpu=cortex-m4 -std=gnu11 -g3 -DDEBUG -DUSE_HAL_DRIVER -DSTM32F407xx -c -I../Core/Inc -I"C:/Users/yunus/STM32CubeIDE/freeRTOS_Experiences/001_freeRTOS_FirstSight/ThirdParty/freeRTOS" -I"C:/Users/yunus/STM32CubeIDE/freeRTOS_Experiences/001_freeRTOS_FirstSight/ThirdParty/freeRTOS/include" -I"C:/Users/yunus/STM32CubeIDE/freeRTOS_Experiences/001_freeRTOS_FirstSight/ThirdParty/freeRTOS/portable/GCC/ARM_CM4F" -I../Drivers/STM32F4xx_HAL_Driver/Inc -I../Drivers/STM32F4xx_HAL_Driver/Inc/Legacy -I../Drivers/CMSIS/Device/ST/STM32F4xx/Include -I../Drivers/CMSIS/Include -O0 -ffunction-sections -fdata-sections -Wall -fstack-usage -fcyclomatic-complexity -MMD -MP -MF"ThirdParty/freeRTOS/croutine.d" -MT"ThirdParty/freeRTOS/croutine.o" --specs=nano.specs -mfpu=fpv4-sp-d16 -mfloat-abi=hard -mthumb -o "ThirdParty/freeRTOS/croutine.o"
arm-none-eabi-gcc "../ThirdParty/freeRTOS/event_groups.c" -mcpu=cortex-m4 -std=gnu11 -g3 -DDEBUG -DUSE_HAL_DRIVER -DSTM32F407xx -c -I../Core/Inc -I"C:/Users/yunus/STM32CubeIDE/freeRTOS_Experiences/001_freeRTOS_FirstSight/ThirdParty/freeRTOS" -I"C:/Users/yunus/STM32CubeIDE/freeRTOS_Experiences/001_freeRTOS_FirstSight/ThirdParty/freeRTOS/include" -I"C:/Users/yunus/STM32CubeIDE/freeRTOS_Experiences/001_freeRTOS_FirstSight/ThirdParty/freeRTOS/portable/GCC/ARM_CM4F" -I../Drivers/STM32F4xx_HAL_Driver/Inc -I../Drivers/STM32F4xx_HAL_Driver/Inc/Legacy -I../Drivers/CMSIS/Device/ST/STM32F4xx/Include -I../Drivers/CMSIS/Include -O0 -ffunction-sections -fdata-sections -Wall -fstack-usage -fcyclomatic-complexity -MMD -MP -MF"ThirdParty/freeRTOS/event_groups.d" -MT"ThirdParty/freeRTOS/event_groups.o" --specs=nano.specs -mfpu=fpv4-sp-d16 -mfloat-abi=hard -mthumb -o "ThirdParty/freeRTOS/event_groups.o"
arm-none-eabi-gcc "../ThirdParty/freeRTOS/list.c" -mcpu=cortex-m4 -std=gnu11 -g3 -DDEBUG -DUSE_HAL_DRIVER -DSTM32F407xx -c -I../Core/Inc -I"C:/Users/yunus/STM32CubeIDE/freeRTOS_Experiences/001_freeRTOS_FirstSight/ThirdParty/freeRTOS" -I"C:/Users/yunus/STM32CubeIDE/freeRTOS_Experiences/001_freeRTOS_FirstSight/ThirdParty/freeRTOS/include" -I"C:/Users/yunus/STM32CubeIDE/freeRTOS_Experiences/001_freeRTOS_FirstSight/ThirdParty/freeRTOS/portable/GCC/ARM_CM4F" -I../Drivers/STM32F4xx_HAL_Driver/Inc -I../Drivers/STM32F4xx_HAL_Driver/Inc/Legacy -I../Drivers/CMSIS/Device/ST/STM32F4xx/Include -I../Drivers/CMSIS/Include -O0 -ffunction-sections -fdata-sections -Wall -fstack-usage -fcyclomatic-complexity -MMD -MP -MF"ThirdParty/freeRTOS/list.d" -MT"ThirdParty/freeRTOS/list.o" --specs=nano.specs -mfpu=fpv4-sp-d16 -mfloat-abi=hard -mthumb -o "ThirdParty/freeRTOS/list.o"
arm-none-eabi-gcc "../ThirdParty/freeRTOS/queue.c" -mcpu=cortex-m4 -std=gnu11 -g3 -DDEBUG -DUSE_HAL_DRIVER -DSTM32F407xx -c -I../Core/Inc -I"C:/Users/yunus/STM32CubeIDE/freeRTOS_Experiences/001_freeRTOS_FirstSight/ThirdParty/freeRTOS" -I"C:/Users/yunus/STM32CubeIDE/freeRTOS_Experiences/001_freeRTOS_FirstSight/ThirdParty/freeRTOS/include" -I"C:/Users/yunus/STM32CubeIDE/freeRTOS_Experiences/001_freeRTOS_FirstSight/ThirdParty/freeRTOS/portable/GCC/ARM_CM4F" -I../Drivers/STM32F4xx_HAL_Driver/Inc -I../Drivers/STM32F4xx_HAL_Driver/Inc/Legacy -I../Drivers/CMSIS/Device/ST/STM32F4xx/Include -I../Drivers/CMSIS/Include -O0 -ffunction-sections -fdata-sections -Wall -fstack-usage -fcyclomatic-complexity -MMD -MP -MF"ThirdParty/freeRTOS/queue.d" -MT"ThirdParty/freeRTOS/queue.o" --specs=nano.specs -mfpu=fpv4-sp-d16 -mfloat-abi=hard -mthumb -o "ThirdParty/freeRTOS/queue.o"
arm-none-eabi-gcc "../ThirdParty/freeRTOS/stream_buffer.c" -mcpu=cortex-m4 -std=gnu11 -g3 -DDEBUG -DUSE_HAL_DRIVER -DSTM32F407xx -c -I../Core/Inc -I"C:/Users/yunus/STM32CubeIDE/freeRTOS_Experiences/001_freeRTOS_FirstSight/ThirdParty/freeRTOS" -I"C:/Users/yunus/STM32CubeIDE/freeRTOS_Experiences/001_freeRTOS_FirstSight/ThirdParty/freeRTOS/include" -I"C:/Users/yunus/STM32CubeIDE/freeRTOS_Experiences/001_freeRTOS_FirstSight/ThirdParty/freeRTOS/portable/GCC/ARM_CM4F" -I../Drivers/STM32F4xx_HAL_Driver/Inc -I../Drivers/STM32F4xx_HAL_Driver/Inc/Legacy -I../Drivers/CMSIS/Device/ST/STM32F4xx/Include -I../Drivers/CMSIS/Include -O0 -ffunction-sections -fdata-sections -Wall -fstack-usage -fcyclomatic-complexity -MMD -MP -MF"ThirdParty/freeRTOS/stream_buffer.d" -MT"ThirdParty/freeRTOS/stream_buffer.o" --specs=nano.specs -mfpu=fpv4-sp-d16 -mfloat-abi=hard -mthumb -o "ThirdParty/freeRTOS/stream_buffer.o"
arm-none-eabi-gcc "../ThirdParty/freeRTOS/tasks.c" -mcpu=cortex-m4 -std=gnu11 -g3 -DDEBUG -DUSE_HAL_DRIVER -DSTM32F407xx -c -I../Core/Inc -I"C:/Users/yunus/STM32CubeIDE/freeRTOS_Experiences/001_freeRTOS_FirstSight/ThirdParty/freeRTOS" -I"C:/Users/yunus/STM32CubeIDE/freeRTOS_Experiences/001_freeRTOS_FirstSight/ThirdParty/freeRTOS/include" -I"C:/Users/yunus/STM32CubeIDE/freeRTOS_Experiences/001_freeRTOS_FirstSight/ThirdParty/freeRTOS/portable/GCC/ARM_CM4F" -I../Drivers/STM32F4xx_HAL_Driver/Inc -I../Drivers/STM32F4xx_HAL_Driver/Inc/Legacy -I../Drivers/CMSIS/Device/ST/STM32F4xx/Include -I../Drivers/CMSIS/Include -O0 -ffunction-sections -fdata-sections -Wall -fstack-usage -fcyclomatic-complexity -MMD -MP -MF"ThirdParty/freeRTOS/tasks.d" -MT"ThirdParty/freeRTOS/tasks.o" --specs=nano.specs -mfpu=fpv4-sp-d16 -mfloat-abi=hard -mthumb -o "ThirdParty/freeRTOS/tasks.o"
arm-none-eabi-gcc "../ThirdParty/freeRTOS/timers.c" -mcpu=cortex-m4 -std=gnu11 -g3 -DDEBUG -DUSE_HAL_DRIVER -DSTM32F407xx -c -I../Core/Inc -I"C:/Users/yunus/STM32CubeIDE/freeRTOS_Experiences/001_freeRTOS_FirstSight/ThirdParty/freeRTOS" -I"C:/Users/yunus/STM32CubeIDE/freeRTOS_Experiences/001_freeRTOS_FirstSight/ThirdParty/freeRTOS/include" -I"C:/Users/yunus/STM32CubeIDE/freeRTOS_Experiences/001_freeRTOS_FirstSight/ThirdParty/freeRTOS/portable/GCC/ARM_CM4F" -I../Drivers/STM32F4xx_HAL_Driver/Inc -I../Drivers/STM32F4xx_HAL_Driver/Inc/Legacy -I../Drivers/CMSIS/Device/ST/STM32F4xx/Include -I../Drivers/CMSIS/Include -O0 -ffunction-sections -fdata-sections -Wall -fstack-usage -fcyclomatic-complexity -MMD -MP -MF"ThirdParty/freeRTOS/timers.d" -MT"ThirdParty/freeRTOS/timers.o" --specs=nano.specs -mfpu=fpv4-sp-d16 -mfloat-abi=hard -mthumb -o "ThirdParty/freeRTOS/timers.o"
arm-none-eabi-gcc "../Core/Src/main.c" -mcpu=cortex-m4 -std=gnu11 -g3 -DDEBUG -DUSE_HAL_DRIVER -DSTM32F407xx -c -I../Core/Inc -I"C:/Users/yunus/STM32CubeIDE/freeRTOS_Experiences/001_freeRTOS_FirstSight/ThirdParty/freeRTOS" -I"C:/Users/yunus/STM32CubeIDE/freeRTOS_Experiences/001_freeRTOS_FirstSight/ThirdParty/freeRTOS/include" -I"C:/Users/yunus/STM32CubeIDE/freeRTOS_Experiences/001_freeRTOS_FirstSight/ThirdParty/freeRTOS/portable/GCC/ARM_CM4F" -I../Drivers/STM32F4xx_HAL_Driver/Inc -I../Drivers/STM32F4xx_HAL_Driver/Inc/Legacy -I../Drivers/CMSIS/Device/ST/STM32F4xx/Include -I../Drivers/CMSIS/Include -O0 -ffunction-sections -fdata-sections -Wall -fstack-usage -fcyclomatic-complexity -MMD -MP -MF"Core/Src/main.d" -MT"Core/Src/main.o" --specs=nano.specs -mfpu=fpv4-sp-d16 -mfloat-abi=hard -mthumb -o "Core/Src/main.o"
arm-none-eabi-gcc -o "001_freeRTOS_FirstSight.elf" @"objects.list"   -mcpu=cortex-m4 -T"C:\Users\yunus\STM32CubeIDE\freeRTOS_Experiences\001_freeRTOS_FirstSight\STM32F407VGTX_FLASH.ld" --specs=nosys.specs -Wl,-Map="001_freeRTOS_FirstSight.map" -Wl,--gc-sections -static --specs=nano.specs -mfpu=fpv4-sp-d16 -mfloat-abi=hard -mthumb -Wl,--start-group -lc -lm -Wl,--end-group
Finished building target: 001_freeRTOS_FirstSight.elf
 
arm-none-eabi-size  001_freeRTOS_FirstSight.elf 
arm-none-eabi-objdump -h -S 001_freeRTOS_FirstSight.elf  > "001_freeRTOS_FirstSight.list"
   text	   data	    bss	    dec	    hex	filename
  10280	     16	  78728	  89024	  15bc0	001_freeRTOS_FirstSight.elf
Finished building: default.size.stdout
 
Finished building: 001_freeRTOS_FirstSight.list
 

01:07:27 Build Finished. 0 errors, 0 warnings. (took 1s.419ms)

