17:20:12 **** Build of configuration Debug for project 001_freeRTOS_FirstSight ****
make -j8 all 
arm-none-eabi-gcc "../ThirdParty/freeRTOS/portable/MemMang/heap_4.c" -mcpu=cortex-m4 -std=gnu11 -g3 -DDEBUG -DUSE_HAL_DRIVER -DSTM32F407xx -c -I../Core/Inc -I"C:/Users/yunus/STM32CubeIDE/freeRTOS_Experiences/001_freeRTOS_FirstSight/ThirdParty/freeRTOS" -I"C:/Users/yunus/STM32CubeIDE/freeRTOS_Experiences/001_freeRTOS_FirstSight/ThirdParty/freeRTOS/include" -I"C:/Users/yunus/STM32CubeIDE/freeRTOS_Experiences/001_freeRTOS_FirstSight/ThirdParty/freeRTOS/portable/GCC/ARM_CM4F" -I../Drivers/STM32F4xx_HAL_Driver/Inc -I../Drivers/STM32F4xx_HAL_Driver/Inc/Legacy -I../Drivers/CMSIS/Device/ST/STM32F4xx/Include -I../Drivers/CMSIS/Include -O0 -ffunction-sections -fdata-sections -Wall -fstack-usage -fcyclomatic-complexity -MMD -MP -MF"ThirdParty/freeRTOS/portable/MemMang/heap_4.d" -MT"ThirdParty/freeRTOS/portable/MemMang/heap_4.o" --specs=nano.specs -mfpu=fpv4-sp-d16 -mfloat-abi=hard -mthumb -o "ThirdParty/freeRTOS/portable/MemMang/heap_4.o"
arm-none-eabi-gcc "../ThirdParty/freeRTOS/portable/GCC/ARM_CM4F/port.c" -mcpu=cortex-m4 -std=gnu11 -g3 -DDEBUG -DUSE_HAL_DRIVER -DSTM32F407xx -c -I../Core/Inc -I"C:/Users/yunus/STM32CubeIDE/freeRTOS_Experiences/001_freeRTOS_FirstSight/ThirdParty/freeRTOS" -I"C:/Users/yunus/STM32CubeIDE/freeRTOS_Experiences/001_freeRTOS_FirstSight/ThirdParty/freeRTOS/include" -I"C:/Users/yunus/STM32CubeIDE/freeRTOS_Experiences/001_freeRTOS_FirstSight/ThirdParty/freeRTOS/portable/GCC/ARM_CM4F" -I../Drivers/STM32F4xx_HAL_Driver/Inc -I../Drivers/STM32F4xx_HAL_Driver/Inc/Legacy -I../Drivers/CMSIS/Device/ST/STM32F4xx/Include -I../Drivers/CMSIS/Include -O0 -ffunction-sections -fdata-sections -Wall -fstack-usage -fcyclomatic-complexity -MMD -MP -MF"ThirdParty/freeRTOS/portable/GCC/ARM_CM4F/port.d" -MT"ThirdParty/freeRTOS/portable/GCC/ARM_CM4F/port.o" --specs=nano.specs -mfpu=fpv4-sp-d16 -mfloat-abi=hard -mthumb -o "ThirdParty/freeRTOS/portable/GCC/ARM_CM4F/port.o"
arm-none-eabi-gcc "../ThirdParty/freeRTOS/croutine.c" -mcpu=cortex-m4 -std=gnu11 -g3 -DDEBUG -DUSE_HAL_DRIVER -DSTM32F407xx -c -I../Core/Inc -I"C:/Users/yunus/STM32CubeIDE/freeRTOS_Experiences/001_freeRTOS_FirstSight/ThirdParty/freeRTOS" -I"C:/Users/yunus/STM32CubeIDE/freeRTOS_Experiences/001_freeRTOS_FirstSight/ThirdParty/freeRTOS/include" -I"C:/Users/yunus/STM32CubeIDE/freeRTOS_Experiences/001_freeRTOS_FirstSight/ThirdParty/freeRTOS/portable/GCC/ARM_CM4F" -I../Drivers/STM32F4xx_HAL_Driver/Inc -I../Drivers/STM32F4xx_HAL_Driver/Inc/Legacy -I../Drivers/CMSIS/Device/ST/STM32F4xx/Include -I../Drivers/CMSIS/Include -O0 -ffunction-sections -fdata-sections -Wall -fstack-usage -fcyclomatic-complexity -MMD -MP -MF"ThirdParty/freeRTOS/croutine.d" -MT"ThirdParty/freeRTOS/croutine.o" --specs=nano.specs -mfpu=fpv4-sp-d16 -mfloat-abi=hard -mthumb -o "ThirdParty/freeRTOS/croutine.o"
arm-none-eabi-gcc "../ThirdParty/freeRTOS/event_groups.c" -mcpu=cortex-m4 -std=gnu11 -g3 -DDEBUG -DUSE_HAL_DRIVER -DSTM32F407xx -c -I../Core/Inc -I"C:/Users/yunus/STM32CubeIDE/freeRTOS_Experiences/001_freeRTOS_FirstSight/ThirdParty/freeRTOS" -I"C:/Users/yunus/STM32CubeIDE/freeRTOS_Experiences/001_freeRTOS_FirstSight/ThirdParty/freeRTOS/include" -I"C:/Users/yunus/STM32CubeIDE/freeRTOS_Experiences/001_freeRTOS_FirstSight/ThirdParty/freeRTOS/portable/GCC/ARM_CM4F" -I../Drivers/STM32F4xx_HAL_Driver/Inc -I../Drivers/STM32F4xx_HAL_Driver/Inc/Legacy -I../Drivers/CMSIS/Device/ST/STM32F4xx/Include -I../Drivers/CMSIS/Include -O0 -ffunction-sections -fdata-sections -Wall -fstack-usage -fcyclomatic-complexity -MMD -MP -MF"ThirdParty/freeRTOS/event_groups.d" -MT"ThirdParty/freeRTOS/event_groups.o" --specs=nano.specs -mfpu=fpv4-sp-d16 -mfloat-abi=hard -mthumb -o "ThirdParty/freeRTOS/event_groups.o"
arm-none-eabi-gcc "../ThirdParty/freeRTOS/list.c" -mcpu=cortex-m4 -std=gnu11 -g3 -DDEBUG -DUSE_HAL_DRIVER -DSTM32F407xx -c -I../Core/Inc -I"C:/Users/yunus/STM32CubeIDE/freeRTOS_Experiences/001_freeRTOS_FirstSight/ThirdParty/freeRTOS" -I"C:/Users/yunus/STM32CubeIDE/freeRTOS_Experiences/001_freeRTOS_FirstSight/ThirdParty/freeRTOS/include" -I"C:/Users/yunus/STM32CubeIDE/freeRTOS_Experiences/001_freeRTOS_FirstSight/ThirdParty/freeRTOS/portable/GCC/ARM_CM4F" -I../Drivers/STM32F4xx_HAL_Driver/Inc -I../Drivers/STM32F4xx_HAL_Driver/Inc/Legacy -I../Drivers/CMSIS/Device/ST/STM32F4xx/Include -I../Drivers/CMSIS/Include -O0 -ffunction-sections -fdata-sections -Wall -fstack-usage -fcyclomatic-complexity -MMD -MP -MF"ThirdParty/freeRTOS/list.d" -MT"ThirdParty/freeRTOS/list.o" --specs=nano.specs -mfpu=fpv4-sp-d16 -mfloat-abi=hard -mthumb -o "ThirdParty/freeRTOS/list.o"
arm-none-eabi-gcc "../ThirdParty/freeRTOS/queue.c" -mcpu=cortex-m4 -std=gnu11 -g3 -DDEBUG -DUSE_HAL_DRIVER -DSTM32F407xx -c -I../Core/Inc -I"C:/Users/yunus/STM32CubeIDE/freeRTOS_Experiences/001_freeRTOS_FirstSight/ThirdParty/freeRTOS" -I"C:/Users/yunus/STM32CubeIDE/freeRTOS_Experiences/001_freeRTOS_FirstSight/ThirdParty/freeRTOS/include" -I"C:/Users/yunus/STM32CubeIDE/freeRTOS_Experiences/001_freeRTOS_FirstSight/ThirdParty/freeRTOS/portable/GCC/ARM_CM4F" -I../Drivers/STM32F4xx_HAL_Driver/Inc -I../Drivers/STM32F4xx_HAL_Driver/Inc/Legacy -I../Drivers/CMSIS/Device/ST/STM32F4xx/Include -I../Drivers/CMSIS/Include -O0 -ffunction-sections -fdata-sections -Wall -fstack-usage -fcyclomatic-complexity -MMD -MP -MF"ThirdParty/freeRTOS/queue.d" -MT"ThirdParty/freeRTOS/queue.o" --specs=nano.specs -mfpu=fpv4-sp-d16 -mfloat-abi=hard -mthumb -o "ThirdParty/freeRTOS/queue.o"
arm-none-eabi-gcc "../ThirdParty/freeRTOS/stream_buffer.c" -mcpu=cortex-m4 -std=gnu11 -g3 -DDEBUG -DUSE_HAL_DRIVER -DSTM32F407xx -c -I../Core/Inc -I"C:/Users/yunus/STM32CubeIDE/freeRTOS_Experiences/001_freeRTOS_FirstSight/ThirdParty/freeRTOS" -I"C:/Users/yunus/STM32CubeIDE/freeRTOS_Experiences/001_freeRTOS_FirstSight/ThirdParty/freeRTOS/include" -I"C:/Users/yunus/STM32CubeIDE/freeRTOS_Experiences/001_freeRTOS_FirstSight/ThirdParty/freeRTOS/portable/GCC/ARM_CM4F" -I../Drivers/STM32F4xx_HAL_Driver/Inc -I../Drivers/STM32F4xx_HAL_Driver/Inc/Legacy -I../Drivers/CMSIS/Device/ST/STM32F4xx/Include -I../Drivers/CMSIS/Include -O0 -ffunction-sections -fdata-sections -Wall -fstack-usage -fcyclomatic-complexity -MMD -MP -MF"ThirdParty/freeRTOS/stream_buffer.d" -MT"ThirdParty/freeRTOS/stream_buffer.o" --specs=nano.specs -mfpu=fpv4-sp-d16 -mfloat-abi=hard -mthumb -o "ThirdParty/freeRTOS/stream_buffer.o"
arm-none-eabi-gcc "../ThirdParty/freeRTOS/tasks.c" -mcpu=cortex-m4 -std=gnu11 -g3 -DDEBUG -DUSE_HAL_DRIVER -DSTM32F407xx -c -I../Core/Inc -I"C:/Users/yunus/STM32CubeIDE/freeRTOS_Experiences/001_freeRTOS_FirstSight/ThirdParty/freeRTOS" -I"C:/Users/yunus/STM32CubeIDE/freeRTOS_Experiences/001_freeRTOS_FirstSight/ThirdParty/freeRTOS/include" -I"C:/Users/yunus/STM32CubeIDE/freeRTOS_Experiences/001_freeRTOS_FirstSight/ThirdParty/freeRTOS/portable/GCC/ARM_CM4F" -I../Drivers/STM32F4xx_HAL_Driver/Inc -I../Drivers/STM32F4xx_HAL_Driver/Inc/Legacy -I../Drivers/CMSIS/Device/ST/STM32F4xx/Include -I../Drivers/CMSIS/Include -O0 -ffunction-sections -fdata-sections -Wall -fstack-usage -fcyclomatic-complexity -MMD -MP -MF"ThirdParty/freeRTOS/tasks.d" -MT"ThirdParty/freeRTOS/tasks.o" --specs=nano.specs -mfpu=fpv4-sp-d16 -mfloat-abi=hard -mthumb -o "ThirdParty/freeRTOS/tasks.o"
arm-none-eabi-gcc "../ThirdParty/freeRTOS/timers.c" -mcpu=cortex-m4 -std=gnu11 -g3 -DDEBUG -DUSE_HAL_DRIVER -DSTM32F407xx -c -I../Core/Inc -I"C:/Users/yunus/STM32CubeIDE/freeRTOS_Experiences/001_freeRTOS_FirstSight/ThirdParty/freeRTOS" -I"C:/Users/yunus/STM32CubeIDE/freeRTOS_Experiences/001_freeRTOS_FirstSight/ThirdParty/freeRTOS/include" -I"C:/Users/yunus/STM32CubeIDE/freeRTOS_Experiences/001_freeRTOS_FirstSight/ThirdParty/freeRTOS/portable/GCC/ARM_CM4F" -I../Drivers/STM32F4xx_HAL_Driver/Inc -I../Drivers/STM32F4xx_HAL_Driver/Inc/Legacy -I../Drivers/CMSIS/Device/ST/STM32F4xx/Include -I../Drivers/CMSIS/Include -O0 -ffunction-sections -fdata-sections -Wall -fstack-usage -fcyclomatic-complexity -MMD -MP -MF"ThirdParty/freeRTOS/timers.d" -MT"ThirdParty/freeRTOS/timers.o" --specs=nano.specs -mfpu=fpv4-sp-d16 -mfloat-abi=hard -mthumb -o "ThirdParty/freeRTOS/timers.o"
arm-none-eabi-gcc "../Drivers/STM32F4xx_HAL_Driver/Src/stm32f4xx_hal.c" -mcpu=cortex-m4 -std=gnu11 -g3 -DDEBUG -DUSE_HAL_DRIVER -DSTM32F407xx -c -I../Core/Inc -I"C:/Users/yunus/STM32CubeIDE/freeRTOS_Experiences/001_freeRTOS_FirstSight/ThirdParty/freeRTOS" -I"C:/Users/yunus/STM32CubeIDE/freeRTOS_Experiences/001_freeRTOS_FirstSight/ThirdParty/freeRTOS/include" -I"C:/Users/yunus/STM32CubeIDE/freeRTOS_Experiences/001_freeRTOS_FirstSight/ThirdParty/freeRTOS/portable/GCC/ARM_CM4F" -I../Drivers/STM32F4xx_HAL_Driver/Inc -I../Drivers/STM32F4xx_HAL_Driver/Inc/Legacy -I../Drivers/CMSIS/Device/ST/STM32F4xx/Include -I../Drivers/CMSIS/Include -O0 -ffunction-sections -fdata-sections -Wall -fstack-usage -fcyclomatic-complexity -MMD -MP -MF"Drivers/STM32F4xx_HAL_Driver/Src/stm32f4xx_hal.d" -MT"Drivers/STM32F4xx_HAL_Driver/Src/stm32f4xx_hal.o" --specs=nano.specs -mfpu=fpv4-sp-d16 -mfloat-abi=hard -mthumb -o "Drivers/STM32F4xx_HAL_Driver/Src/stm32f4xx_hal.o"
arm-none-eabi-gcc "../Drivers/STM32F4xx_HAL_Driver/Src/stm32f4xx_hal_cortex.c" -mcpu=cortex-m4 -std=gnu11 -g3 -DDEBUG -DUSE_HAL_DRIVER -DSTM32F407xx -c -I../Core/Inc -I"C:/Users/yunus/STM32CubeIDE/freeRTOS_Experiences/001_freeRTOS_FirstSight/ThirdParty/freeRTOS" -I"C:/Users/yunus/STM32CubeIDE/freeRTOS_Experiences/001_freeRTOS_FirstSight/ThirdParty/freeRTOS/include" -I"C:/Users/yunus/STM32CubeIDE/freeRTOS_Experiences/001_freeRTOS_FirstSight/ThirdParty/freeRTOS/portable/GCC/ARM_CM4F" -I../Drivers/STM32F4xx_HAL_Driver/Inc -I../Drivers/STM32F4xx_HAL_Driver/Inc/Legacy -I../Drivers/CMSIS/Device/ST/STM32F4xx/Include -I../Drivers/CMSIS/Include -O0 -ffunction-sections -fdata-sections -Wall -fstack-usage -fcyclomatic-complexity -MMD -MP -MF"Drivers/STM32F4xx_HAL_Driver/Src/stm32f4xx_hal_cortex.d" -MT"Drivers/STM32F4xx_HAL_Driver/Src/stm32f4xx_hal_cortex.o" --specs=nano.specs -mfpu=fpv4-sp-d16 -mfloat-abi=hard -mthumb -o "Drivers/STM32F4xx_HAL_Driver/Src/stm32f4xx_hal_cortex.o"
arm-none-eabi-gcc "../Drivers/STM32F4xx_HAL_Driver/Src/stm32f4xx_hal_dma.c" -mcpu=cortex-m4 -std=gnu11 -g3 -DDEBUG -DUSE_HAL_DRIVER -DSTM32F407xx -c -I../Core/Inc -I"C:/Users/yunus/STM32CubeIDE/freeRTOS_Experiences/001_freeRTOS_FirstSight/ThirdParty/freeRTOS" -I"C:/Users/yunus/STM32CubeIDE/freeRTOS_Experiences/001_freeRTOS_FirstSight/ThirdParty/freeRTOS/include" -I"C:/Users/yunus/STM32CubeIDE/freeRTOS_Experiences/001_freeRTOS_FirstSight/ThirdParty/freeRTOS/portable/GCC/ARM_CM4F" -I../Drivers/STM32F4xx_HAL_Driver/Inc -I../Drivers/STM32F4xx_HAL_Driver/Inc/Legacy -I../Drivers/CMSIS/Device/ST/STM32F4xx/Include -I../Drivers/CMSIS/Include -O0 -ffunction-sections -fdata-sections -Wall -fstack-usage -fcyclomatic-complexity -MMD -MP -MF"Drivers/STM32F4xx_HAL_Driver/Src/stm32f4xx_hal_dma.d" -MT"Drivers/STM32F4xx_HAL_Driver/Src/stm32f4xx_hal_dma.o" --specs=nano.specs -mfpu=fpv4-sp-d16 -mfloat-abi=hard -mthumb -o "Drivers/STM32F4xx_HAL_Driver/Src/stm32f4xx_hal_dma.o"
arm-none-eabi-gcc "../Drivers/STM32F4xx_HAL_Driver/Src/stm32f4xx_hal_dma_ex.c" -mcpu=cortex-m4 -std=gnu11 -g3 -DDEBUG -DUSE_HAL_DRIVER -DSTM32F407xx -c -I../Core/Inc -I"C:/Users/yunus/STM32CubeIDE/freeRTOS_Experiences/001_freeRTOS_FirstSight/ThirdParty/freeRTOS" -I"C:/Users/yunus/STM32CubeIDE/freeRTOS_Experiences/001_freeRTOS_FirstSight/ThirdParty/freeRTOS/include" -I"C:/Users/yunus/STM32CubeIDE/freeRTOS_Experiences/001_freeRTOS_FirstSight/ThirdParty/freeRTOS/portable/GCC/ARM_CM4F" -I../Drivers/STM32F4xx_HAL_Driver/Inc -I../Drivers/STM32F4xx_HAL_Driver/Inc/Legacy -I../Drivers/CMSIS/Device/ST/STM32F4xx/Include -I../Drivers/CMSIS/Include -O0 -ffunction-sections -fdata-sections -Wall -fstack-usage -fcyclomatic-complexity -MMD -MP -MF"Drivers/STM32F4xx_HAL_Driver/Src/stm32f4xx_hal_dma_ex.d" -MT"Drivers/STM32F4xx_HAL_Driver/Src/stm32f4xx_hal_dma_ex.o" --specs=nano.specs -mfpu=fpv4-sp-d16 -mfloat-abi=hard -mthumb -o "Drivers/STM32F4xx_HAL_Driver/Src/stm32f4xx_hal_dma_ex.o"
arm-none-eabi-gcc "../Drivers/STM32F4xx_HAL_Driver/Src/stm32f4xx_hal_exti.c" -mcpu=cortex-m4 -std=gnu11 -g3 -DDEBUG -DUSE_HAL_DRIVER -DSTM32F407xx -c -I../Core/Inc -I"C:/Users/yunus/STM32CubeIDE/freeRTOS_Experiences/001_freeRTOS_FirstSight/ThirdParty/freeRTOS" -I"C:/Users/yunus/STM32CubeIDE/freeRTOS_Experiences/001_freeRTOS_FirstSight/ThirdParty/freeRTOS/include" -I"C:/Users/yunus/STM32CubeIDE/freeRTOS_Experiences/001_freeRTOS_FirstSight/ThirdParty/freeRTOS/portable/GCC/ARM_CM4F" -I../Drivers/STM32F4xx_HAL_Driver/Inc -I../Drivers/STM32F4xx_HAL_Driver/Inc/Legacy -I../Drivers/CMSIS/Device/ST/STM32F4xx/Include -I../Drivers/CMSIS/Include -O0 -ffunction-sections -fdata-sections -Wall -fstack-usage -fcyclomatic-complexity -MMD -MP -MF"Drivers/STM32F4xx_HAL_Driver/Src/stm32f4xx_hal_exti.d" -MT"Drivers/STM32F4xx_HAL_Driver/Src/stm32f4xx_hal_exti.o" --specs=nano.specs -mfpu=fpv4-sp-d16 -mfloat-abi=hard -mthumb -o "Drivers/STM32F4xx_HAL_Driver/Src/stm32f4xx_hal_exti.o"
arm-none-eabi-gcc "../Drivers/STM32F4xx_HAL_Driver/Src/stm32f4xx_hal_flash.c" -mcpu=cortex-m4 -std=gnu11 -g3 -DDEBUG -DUSE_HAL_DRIVER -DSTM32F407xx -c -I../Core/Inc -I"C:/Users/yunus/STM32CubeIDE/freeRTOS_Experiences/001_freeRTOS_FirstSight/ThirdParty/freeRTOS" -I"C:/Users/yunus/STM32CubeIDE/freeRTOS_Experiences/001_freeRTOS_FirstSight/ThirdParty/freeRTOS/include" -I"C:/Users/yunus/STM32CubeIDE/freeRTOS_Experiences/001_freeRTOS_FirstSight/ThirdParty/freeRTOS/portable/GCC/ARM_CM4F" -I../Drivers/STM32F4xx_HAL_Driver/Inc -I../Drivers/STM32F4xx_HAL_Driver/Inc/Legacy -I../Drivers/CMSIS/Device/ST/STM32F4xx/Include -I../Drivers/CMSIS/Include -O0 -ffunction-sections -fdata-sections -Wall -fstack-usage -fcyclomatic-complexity -MMD -MP -MF"Drivers/STM32F4xx_HAL_Driver/Src/stm32f4xx_hal_flash.d" -MT"Drivers/STM32F4xx_HAL_Driver/Src/stm32f4xx_hal_flash.o" --specs=nano.specs -mfpu=fpv4-sp-d16 -mfloat-abi=hard -mthumb -o "Drivers/STM32F4xx_HAL_Driver/Src/stm32f4xx_hal_flash.o"
arm-none-eabi-gcc "../Drivers/STM32F4xx_HAL_Driver/Src/stm32f4xx_hal_flash_ex.c" -mcpu=cortex-m4 -std=gnu11 -g3 -DDEBUG -DUSE_HAL_DRIVER -DSTM32F407xx -c -I../Core/Inc -I"C:/Users/yunus/STM32CubeIDE/freeRTOS_Experiences/001_freeRTOS_FirstSight/ThirdParty/freeRTOS" -I"C:/Users/yunus/STM32CubeIDE/freeRTOS_Experiences/001_freeRTOS_FirstSight/ThirdParty/freeRTOS/include" -I"C:/Users/yunus/STM32CubeIDE/freeRTOS_Experiences/001_freeRTOS_FirstSight/ThirdParty/freeRTOS/portable/GCC/ARM_CM4F" -I../Drivers/STM32F4xx_HAL_Driver/Inc -I../Drivers/STM32F4xx_HAL_Driver/Inc/Legacy -I../Drivers/CMSIS/Device/ST/STM32F4xx/Include -I../Drivers/CMSIS/Include -O0 -ffunction-sections -fdata-sections -Wall -fstack-usage -fcyclomatic-complexity -MMD -MP -MF"Drivers/STM32F4xx_HAL_Driver/Src/stm32f4xx_hal_flash_ex.d" -MT"Drivers/STM32F4xx_HAL_Driver/Src/stm32f4xx_hal_flash_ex.o" --specs=nano.specs -mfpu=fpv4-sp-d16 -mfloat-abi=hard -mthumb -o "Drivers/STM32F4xx_HAL_Driver/Src/stm32f4xx_hal_flash_ex.o"
arm-none-eabi-gcc "../Drivers/STM32F4xx_HAL_Driver/Src/stm32f4xx_hal_flash_ramfunc.c" -mcpu=cortex-m4 -std=gnu11 -g3 -DDEBUG -DUSE_HAL_DRIVER -DSTM32F407xx -c -I../Core/Inc -I"C:/Users/yunus/STM32CubeIDE/freeRTOS_Experiences/001_freeRTOS_FirstSight/ThirdParty/freeRTOS" -I"C:/Users/yunus/STM32CubeIDE/freeRTOS_Experiences/001_freeRTOS_FirstSight/ThirdParty/freeRTOS/include" -I"C:/Users/yunus/STM32CubeIDE/freeRTOS_Experiences/001_freeRTOS_FirstSight/ThirdParty/freeRTOS/portable/GCC/ARM_CM4F" -I../Drivers/STM32F4xx_HAL_Driver/Inc -I../Drivers/STM32F4xx_HAL_Driver/Inc/Legacy -I../Drivers/CMSIS/Device/ST/STM32F4xx/Include -I../Drivers/CMSIS/Include -O0 -ffunction-sections -fdata-sections -Wall -fstack-usage -fcyclomatic-complexity -MMD -MP -MF"Drivers/STM32F4xx_HAL_Driver/Src/stm32f4xx_hal_flash_ramfunc.d" -MT"Drivers/STM32F4xx_HAL_Driver/Src/stm32f4xx_hal_flash_ramfunc.o" --specs=nano.specs -mfpu=fpv4-sp-d16 -mfloat-abi=hard -mthumb -o "Drivers/STM32F4xx_HAL_Driver/Src/stm32f4xx_hal_flash_ramfunc.o"
arm-none-eabi-gcc "../Drivers/STM32F4xx_HAL_Driver/Src/stm32f4xx_hal_gpio.c" -mcpu=cortex-m4 -std=gnu11 -g3 -DDEBUG -DUSE_HAL_DRIVER -DSTM32F407xx -c -I../Core/Inc -I"C:/Users/yunus/STM32CubeIDE/freeRTOS_Experiences/001_freeRTOS_FirstSight/ThirdParty/freeRTOS" -I"C:/Users/yunus/STM32CubeIDE/freeRTOS_Experiences/001_freeRTOS_FirstSight/ThirdParty/freeRTOS/include" -I"C:/Users/yunus/STM32CubeIDE/freeRTOS_Experiences/001_freeRTOS_FirstSight/ThirdParty/freeRTOS/portable/GCC/ARM_CM4F" -I../Drivers/STM32F4xx_HAL_Driver/Inc -I../Drivers/STM32F4xx_HAL_Driver/Inc/Legacy -I../Drivers/CMSIS/Device/ST/STM32F4xx/Include -I../Drivers/CMSIS/Include -O0 -ffunction-sections -fdata-sections -Wall -fstack-usage -fcyclomatic-complexity -MMD -MP -MF"Drivers/STM32F4xx_HAL_Driver/Src/stm32f4xx_hal_gpio.d" -MT"Drivers/STM32F4xx_HAL_Driver/Src/stm32f4xx_hal_gpio.o" --specs=nano.specs -mfpu=fpv4-sp-d16 -mfloat-abi=hard -mthumb -o "Drivers/STM32F4xx_HAL_Driver/Src/stm32f4xx_hal_gpio.o"
arm-none-eabi-gcc "../Drivers/STM32F4xx_HAL_Driver/Src/stm32f4xx_hal_pwr.c" -mcpu=cortex-m4 -std=gnu11 -g3 -DDEBUG -DUSE_HAL_DRIVER -DSTM32F407xx -c -I../Core/Inc -I"C:/Users/yunus/STM32CubeIDE/freeRTOS_Experiences/001_freeRTOS_FirstSight/ThirdParty/freeRTOS" -I"C:/Users/yunus/STM32CubeIDE/freeRTOS_Experiences/001_freeRTOS_FirstSight/ThirdParty/freeRTOS/include" -I"C:/Users/yunus/STM32CubeIDE/freeRTOS_Experiences/001_freeRTOS_FirstSight/ThirdParty/freeRTOS/portable/GCC/ARM_CM4F" -I../Drivers/STM32F4xx_HAL_Driver/Inc -I../Drivers/STM32F4xx_HAL_Driver/Inc/Legacy -I../Drivers/CMSIS/Device/ST/STM32F4xx/Include -I../Drivers/CMSIS/Include -O0 -ffunction-sections -fdata-sections -Wall -fstack-usage -fcyclomatic-complexity -MMD -MP -MF"Drivers/STM32F4xx_HAL_Driver/Src/stm32f4xx_hal_pwr.d" -MT"Drivers/STM32F4xx_HAL_Driver/Src/stm32f4xx_hal_pwr.o" --specs=nano.specs -mfpu=fpv4-sp-d16 -mfloat-abi=hard -mthumb -o "Drivers/STM32F4xx_HAL_Driver/Src/stm32f4xx_hal_pwr.o"
arm-none-eabi-gcc "../Drivers/STM32F4xx_HAL_Driver/Src/stm32f4xx_hal_pwr_ex.c" -mcpu=cortex-m4 -std=gnu11 -g3 -DDEBUG -DUSE_HAL_DRIVER -DSTM32F407xx -c -I../Core/Inc -I"C:/Users/yunus/STM32CubeIDE/freeRTOS_Experiences/001_freeRTOS_FirstSight/ThirdParty/freeRTOS" -I"C:/Users/yunus/STM32CubeIDE/freeRTOS_Experiences/001_freeRTOS_FirstSight/ThirdParty/freeRTOS/include" -I"C:/Users/yunus/STM32CubeIDE/freeRTOS_Experiences/001_freeRTOS_FirstSight/ThirdParty/freeRTOS/portable/GCC/ARM_CM4F" -I../Drivers/STM32F4xx_HAL_Driver/Inc -I../Drivers/STM32F4xx_HAL_Driver/Inc/Legacy -I../Drivers/CMSIS/Device/ST/STM32F4xx/Include -I../Drivers/CMSIS/Include -O0 -ffunction-sections -fdata-sections -Wall -fstack-usage -fcyclomatic-complexity -MMD -MP -MF"Drivers/STM32F4xx_HAL_Driver/Src/stm32f4xx_hal_pwr_ex.d" -MT"Drivers/STM32F4xx_HAL_Driver/Src/stm32f4xx_hal_pwr_ex.o" --specs=nano.specs -mfpu=fpv4-sp-d16 -mfloat-abi=hard -mthumb -o "Drivers/STM32F4xx_HAL_Driver/Src/stm32f4xx_hal_pwr_ex.o"
arm-none-eabi-gcc "../Drivers/STM32F4xx_HAL_Driver/Src/stm32f4xx_hal_rcc.c" -mcpu=cortex-m4 -std=gnu11 -g3 -DDEBUG -DUSE_HAL_DRIVER -DSTM32F407xx -c -I../Core/Inc -I"C:/Users/yunus/STM32CubeIDE/freeRTOS_Experiences/001_freeRTOS_FirstSight/ThirdParty/freeRTOS" -I"C:/Users/yunus/STM32CubeIDE/freeRTOS_Experiences/001_freeRTOS_FirstSight/ThirdParty/freeRTOS/include" -I"C:/Users/yunus/STM32CubeIDE/freeRTOS_Experiences/001_freeRTOS_FirstSight/ThirdParty/freeRTOS/portable/GCC/ARM_CM4F" -I../Drivers/STM32F4xx_HAL_Driver/Inc -I../Drivers/STM32F4xx_HAL_Driver/Inc/Legacy -I../Drivers/CMSIS/Device/ST/STM32F4xx/Include -I../Drivers/CMSIS/Include -O0 -ffunction-sections -fdata-sections -Wall -fstack-usage -fcyclomatic-complexity -MMD -MP -MF"Drivers/STM32F4xx_HAL_Driver/Src/stm32f4xx_hal_rcc.d" -MT"Drivers/STM32F4xx_HAL_Driver/Src/stm32f4xx_hal_rcc.o" --specs=nano.specs -mfpu=fpv4-sp-d16 -mfloat-abi=hard -mthumb -o "Drivers/STM32F4xx_HAL_Driver/Src/stm32f4xx_hal_rcc.o"
arm-none-eabi-gcc "../Drivers/STM32F4xx_HAL_Driver/Src/stm32f4xx_hal_rcc_ex.c" -mcpu=cortex-m4 -std=gnu11 -g3 -DDEBUG -DUSE_HAL_DRIVER -DSTM32F407xx -c -I../Core/Inc -I"C:/Users/yunus/STM32CubeIDE/freeRTOS_Experiences/001_freeRTOS_FirstSight/ThirdParty/freeRTOS" -I"C:/Users/yunus/STM32CubeIDE/freeRTOS_Experiences/001_freeRTOS_FirstSight/ThirdParty/freeRTOS/include" -I"C:/Users/yunus/STM32CubeIDE/freeRTOS_Experiences/001_freeRTOS_FirstSight/ThirdParty/freeRTOS/portable/GCC/ARM_CM4F" -I../Drivers/STM32F4xx_HAL_Driver/Inc -I../Drivers/STM32F4xx_HAL_Driver/Inc/Legacy -I../Drivers/CMSIS/Device/ST/STM32F4xx/Include -I../Drivers/CMSIS/Include -O0 -ffunction-sections -fdata-sections -Wall -fstack-usage -fcyclomatic-complexity -MMD -MP -MF"Drivers/STM32F4xx_HAL_Driver/Src/stm32f4xx_hal_rcc_ex.d" -MT"Drivers/STM32F4xx_HAL_Driver/Src/stm32f4xx_hal_rcc_ex.o" --specs=nano.specs -mfpu=fpv4-sp-d16 -mfloat-abi=hard -mthumb -o "Drivers/STM32F4xx_HAL_Driver/Src/stm32f4xx_hal_rcc_ex.o"
arm-none-eabi-gcc "../Drivers/STM32F4xx_HAL_Driver/Src/stm32f4xx_hal_tim.c" -mcpu=cortex-m4 -std=gnu11 -g3 -DDEBUG -DUSE_HAL_DRIVER -DSTM32F407xx -c -I../Core/Inc -I"C:/Users/yunus/STM32CubeIDE/freeRTOS_Experiences/001_freeRTOS_FirstSight/ThirdParty/freeRTOS" -I"C:/Users/yunus/STM32CubeIDE/freeRTOS_Experiences/001_freeRTOS_FirstSight/ThirdParty/freeRTOS/include" -I"C:/Users/yunus/STM32CubeIDE/freeRTOS_Experiences/001_freeRTOS_FirstSight/ThirdParty/freeRTOS/portable/GCC/ARM_CM4F" -I../Drivers/STM32F4xx_HAL_Driver/Inc -I../Drivers/STM32F4xx_HAL_Driver/Inc/Legacy -I../Drivers/CMSIS/Device/ST/STM32F4xx/Include -I../Drivers/CMSIS/Include -O0 -ffunction-sections -fdata-sections -Wall -fstack-usage -fcyclomatic-complexity -MMD -MP -MF"Drivers/STM32F4xx_HAL_Driver/Src/stm32f4xx_hal_tim.d" -MT"Drivers/STM32F4xx_HAL_Driver/Src/stm32f4xx_hal_tim.o" --specs=nano.specs -mfpu=fpv4-sp-d16 -mfloat-abi=hard -mthumb -o "Drivers/STM32F4xx_HAL_Driver/Src/stm32f4xx_hal_tim.o"
arm-none-eabi-gcc "../Drivers/STM32F4xx_HAL_Driver/Src/stm32f4xx_hal_tim_ex.c" -mcpu=cortex-m4 -std=gnu11 -g3 -DDEBUG -DUSE_HAL_DRIVER -DSTM32F407xx -c -I../Core/Inc -I"C:/Users/yunus/STM32CubeIDE/freeRTOS_Experiences/001_freeRTOS_FirstSight/ThirdParty/freeRTOS" -I"C:/Users/yunus/STM32CubeIDE/freeRTOS_Experiences/001_freeRTOS_FirstSight/ThirdParty/freeRTOS/include" -I"C:/Users/yunus/STM32CubeIDE/freeRTOS_Experiences/001_freeRTOS_FirstSight/ThirdParty/freeRTOS/portable/GCC/ARM_CM4F" -I../Drivers/STM32F4xx_HAL_Driver/Inc -I../Drivers/STM32F4xx_HAL_Driver/Inc/Legacy -I../Drivers/CMSIS/Device/ST/STM32F4xx/Include -I../Drivers/CMSIS/Include -O0 -ffunction-sections -fdata-sections -Wall -fstack-usage -fcyclomatic-complexity -MMD -MP -MF"Drivers/STM32F4xx_HAL_Driver/Src/stm32f4xx_hal_tim_ex.d" -MT"Drivers/STM32F4xx_HAL_Driver/Src/stm32f4xx_hal_tim_ex.o" --specs=nano.specs -mfpu=fpv4-sp-d16 -mfloat-abi=hard -mthumb -o "Drivers/STM32F4xx_HAL_Driver/Src/stm32f4xx_hal_tim_ex.o"
arm-none-eabi-gcc -mcpu=cortex-m4 -g3 -DDEBUG -c -x assembler-with-cpp -MMD -MP -MF"Core/Startup/startup_stm32f407vgtx.d" -MT"Core/Startup/startup_stm32f407vgtx.o" --specs=nano.specs -mfpu=fpv4-sp-d16 -mfloat-abi=hard -mthumb -o "Core/Startup/startup_stm32f407vgtx.o" "../Core/Startup/startup_stm32f407vgtx.s"
arm-none-eabi-gcc "../Core/Src/main.c" -mcpu=cortex-m4 -std=gnu11 -g3 -DDEBUG -DUSE_HAL_DRIVER -DSTM32F407xx -c -I../Core/Inc -I"C:/Users/yunus/STM32CubeIDE/freeRTOS_Experiences/001_freeRTOS_FirstSight/ThirdParty/freeRTOS" -I"C:/Users/yunus/STM32CubeIDE/freeRTOS_Experiences/001_freeRTOS_FirstSight/ThirdParty/freeRTOS/include" -I"C:/Users/yunus/STM32CubeIDE/freeRTOS_Experiences/001_freeRTOS_FirstSight/ThirdParty/freeRTOS/portable/GCC/ARM_CM4F" -I../Drivers/STM32F4xx_HAL_Driver/Inc -I../Drivers/STM32F4xx_HAL_Driver/Inc/Legacy -I../Drivers/CMSIS/Device/ST/STM32F4xx/Include -I../Drivers/CMSIS/Include -O0 -ffunction-sections -fdata-sections -Wall -fstack-usage -fcyclomatic-complexity -MMD -MP -MF"Core/Src/main.d" -MT"Core/Src/main.o" --specs=nano.specs -mfpu=fpv4-sp-d16 -mfloat-abi=hard -mthumb -o "Core/Src/main.o"
arm-none-eabi-gcc "../Core/Src/stm32f4xx_hal_msp.c" -mcpu=cortex-m4 -std=gnu11 -g3 -DDEBUG -DUSE_HAL_DRIVER -DSTM32F407xx -c -I../Core/Inc -I"C:/Users/yunus/STM32CubeIDE/freeRTOS_Experiences/001_freeRTOS_FirstSight/ThirdParty/freeRTOS" -I"C:/Users/yunus/STM32CubeIDE/freeRTOS_Experiences/001_freeRTOS_FirstSight/ThirdParty/freeRTOS/include" -I"C:/Users/yunus/STM32CubeIDE/freeRTOS_Experiences/001_freeRTOS_FirstSight/ThirdParty/freeRTOS/portable/GCC/ARM_CM4F" -I../Drivers/STM32F4xx_HAL_Driver/Inc -I../Drivers/STM32F4xx_HAL_Driver/Inc/Legacy -I../Drivers/CMSIS/Device/ST/STM32F4xx/Include -I../Drivers/CMSIS/Include -O0 -ffunction-sections -fdata-sections -Wall -fstack-usage -fcyclomatic-complexity -MMD -MP -MF"Core/Src/stm32f4xx_hal_msp.d" -MT"Core/Src/stm32f4xx_hal_msp.o" --specs=nano.specs -mfpu=fpv4-sp-d16 -mfloat-abi=hard -mthumb -o "Core/Src/stm32f4xx_hal_msp.o"
arm-none-eabi-gcc "../Core/Src/stm32f4xx_hal_timebase_tim.c" -mcpu=cortex-m4 -std=gnu11 -g3 -DDEBUG -DUSE_HAL_DRIVER -DSTM32F407xx -c -I../Core/Inc -I"C:/Users/yunus/STM32CubeIDE/freeRTOS_Experiences/001_freeRTOS_FirstSight/ThirdParty/freeRTOS" -I"C:/Users/yunus/STM32CubeIDE/freeRTOS_Experiences/001_freeRTOS_FirstSight/ThirdParty/freeRTOS/include" -I"C:/Users/yunus/STM32CubeIDE/freeRTOS_Experiences/001_freeRTOS_FirstSight/ThirdParty/freeRTOS/portable/GCC/ARM_CM4F" -I../Drivers/STM32F4xx_HAL_Driver/Inc -I../Drivers/STM32F4xx_HAL_Driver/Inc/Legacy -I../Drivers/CMSIS/Device/ST/STM32F4xx/Include -I../Drivers/CMSIS/Include -O0 -ffunction-sections -fdata-sections -Wall -fstack-usage -fcyclomatic-complexity -MMD -MP -MF"Core/Src/stm32f4xx_hal_timebase_tim.d" -MT"Core/Src/stm32f4xx_hal_timebase_tim.o" --specs=nano.specs -mfpu=fpv4-sp-d16 -mfloat-abi=hard -mthumb -o "Core/Src/stm32f4xx_hal_timebase_tim.o"
arm-none-eabi-gcc "../Core/Src/stm32f4xx_it.c" -mcpu=cortex-m4 -std=gnu11 -g3 -DDEBUG -DUSE_HAL_DRIVER -DSTM32F407xx -c -I../Core/Inc -I"C:/Users/yunus/STM32CubeIDE/freeRTOS_Experiences/001_freeRTOS_FirstSight/ThirdParty/freeRTOS" -I"C:/Users/yunus/STM32CubeIDE/freeRTOS_Experiences/001_freeRTOS_FirstSight/ThirdParty/freeRTOS/include" -I"C:/Users/yunus/STM32CubeIDE/freeRTOS_Experiences/001_freeRTOS_FirstSight/ThirdParty/freeRTOS/portable/GCC/ARM_CM4F" -I../Drivers/STM32F4xx_HAL_Driver/Inc -I../Drivers/STM32F4xx_HAL_Driver/Inc/Legacy -I../Drivers/CMSIS/Device/ST/STM32F4xx/Include -I../Drivers/CMSIS/Include -O0 -ffunction-sections -fdata-sections -Wall -fstack-usage -fcyclomatic-complexity -MMD -MP -MF"Core/Src/stm32f4xx_it.d" -MT"Core/Src/stm32f4xx_it.o" --specs=nano.specs -mfpu=fpv4-sp-d16 -mfloat-abi=hard -mthumb -o "Core/Src/stm32f4xx_it.o"
arm-none-eabi-gcc "../Core/Src/syscalls.c" -mcpu=cortex-m4 -std=gnu11 -g3 -DDEBUG -DUSE_HAL_DRIVER -DSTM32F407xx -c -I../Core/Inc -I"C:/Users/yunus/STM32CubeIDE/freeRTOS_Experiences/001_freeRTOS_FirstSight/ThirdParty/freeRTOS" -I"C:/Users/yunus/STM32CubeIDE/freeRTOS_Experiences/001_freeRTOS_FirstSight/ThirdParty/freeRTOS/include" -I"C:/Users/yunus/STM32CubeIDE/freeRTOS_Experiences/001_freeRTOS_FirstSight/ThirdParty/freeRTOS/portable/GCC/ARM_CM4F" -I../Drivers/STM32F4xx_HAL_Driver/Inc -I../Drivers/STM32F4xx_HAL_Driver/Inc/Legacy -I../Drivers/CMSIS/Device/ST/STM32F4xx/Include -I../Drivers/CMSIS/Include -O0 -ffunction-sections -fdata-sections -Wall -fstack-usage -fcyclomatic-complexity -MMD -MP -MF"Core/Src/syscalls.d" -MT"Core/Src/syscalls.o" --specs=nano.specs -mfpu=fpv4-sp-d16 -mfloat-abi=hard -mthumb -o "Core/Src/syscalls.o"
arm-none-eabi-gcc "../Core/Src/system_stm32f4xx.c" -mcpu=cortex-m4 -std=gnu11 -g3 -DDEBUG -DUSE_HAL_DRIVER -DSTM32F407xx -c -I../Core/Inc -I"C:/Users/yunus/STM32CubeIDE/freeRTOS_Experiences/001_freeRTOS_FirstSight/ThirdParty/freeRTOS" -I"C:/Users/yunus/STM32CubeIDE/freeRTOS_Experiences/001_freeRTOS_FirstSight/ThirdParty/freeRTOS/include" -I"C:/Users/yunus/STM32CubeIDE/freeRTOS_Experiences/001_freeRTOS_FirstSight/ThirdParty/freeRTOS/portable/GCC/ARM_CM4F" -I../Drivers/STM32F4xx_HAL_Driver/Inc -I../Drivers/STM32F4xx_HAL_Driver/Inc/Legacy -I../Drivers/CMSIS/Device/ST/STM32F4xx/Include -I../Drivers/CMSIS/Include -O0 -ffunction-sections -fdata-sections -Wall -fstack-usage -fcyclomatic-complexity -MMD -MP -MF"Core/Src/system_stm32f4xx.d" -MT"Core/Src/system_stm32f4xx.o" --specs=nano.specs -mfpu=fpv4-sp-d16 -mfloat-abi=hard -mthumb -o "Core/Src/system_stm32f4xx.o"
arm-none-eabi-gcc -o "001_freeRTOS_FirstSight.elf" @"objects.list"   -mcpu=cortex-m4 -T"C:\Users\yunus\STM32CubeIDE\freeRTOS_Experiences\001_freeRTOS_FirstSight\STM32F407VGTX_FLASH.ld" --specs=nosys.specs -Wl,-Map="001_freeRTOS_FirstSight.map" -Wl,--gc-sections -static --specs=nano.specs -mfpu=fpv4-sp-d16 -mfloat-abi=hard -mthumb -Wl,--start-group -lc -lm -Wl,--end-group
Finished building target: 001_freeRTOS_FirstSight.elf
 
arm-none-eabi-size  001_freeRTOS_FirstSight.elf 
arm-none-eabi-objdump -h -S 001_freeRTOS_FirstSight.elf  > "001_freeRTOS_FirstSight.list"
   text	   data	    bss	    dec	    hex	filename
  19120	    112	  79200	  98432	  18080	001_freeRTOS_FirstSight.elf
Finished building: default.size.stdout
 
Finished building: 001_freeRTOS_FirstSight.list
 
17:20:31 **** Incremental Build of configuration Debug for project 001_freeRTOS_FirstSight ****
make -j8 all 
arm-none-eabi-size  001_freeRTOS_FirstSight.elf 
   text	   data	    bss	    dec	    hex	filename
  19120	    112	  79200	  98432	  18080	001_freeRTOS_FirstSight.elf
Finished building: default.size.stdout
 
18:36:59 **** Incremental Build of configuration Debug for project 001_freeRTOS_FirstSight ****
make -j8 all 
arm-none-eabi-gcc "../ThirdParty/freeRTOS/portable/MemMang/heap_4.c" -mcpu=cortex-m4 -std=gnu11 -g3 -DDEBUG -DUSE_HAL_DRIVER -DSTM32F407xx -c -I../Core/Inc -I"C:/Users/yunus/STM32CubeIDE/freeRTOS_Experiences/001_freeRTOS_FirstSight/ThirdParty/freeRTOS" -I"C:/Users/yunus/STM32CubeIDE/freeRTOS_Experiences/001_freeRTOS_FirstSight/ThirdParty/freeRTOS/include" -I"C:/Users/yunus/STM32CubeIDE/freeRTOS_Experiences/001_freeRTOS_FirstSight/ThirdParty/freeRTOS/portable/GCC/ARM_CM4F" -I../Drivers/STM32F4xx_HAL_Driver/Inc -I../Drivers/STM32F4xx_HAL_Driver/Inc/Legacy -I../Drivers/CMSIS/Device/ST/STM32F4xx/Include -I../Drivers/CMSIS/Include -O0 -ffunction-sections -fdata-sections -Wall -fstack-usage -fcyclomatic-complexity -MMD -MP -MF"ThirdParty/freeRTOS/portable/MemMang/heap_4.d" -MT"ThirdParty/freeRTOS/portable/MemMang/heap_4.o" --specs=nano.specs -mfpu=fpv4-sp-d16 -mfloat-abi=hard -mthumb -o "ThirdParty/freeRTOS/portable/MemMang/heap_4.o"
arm-none-eabi-gcc "../ThirdParty/freeRTOS/portable/GCC/ARM_CM4F/port.c" -mcpu=cortex-m4 -std=gnu11 -g3 -DDEBUG -DUSE_HAL_DRIVER -DSTM32F407xx -c -I../Core/Inc -I"C:/Users/yunus/STM32CubeIDE/freeRTOS_Experiences/001_freeRTOS_FirstSight/ThirdParty/freeRTOS" -I"C:/Users/yunus/STM32CubeIDE/freeRTOS_Experiences/001_freeRTOS_FirstSight/ThirdParty/freeRTOS/include" -I"C:/Users/yunus/STM32CubeIDE/freeRTOS_Experiences/001_freeRTOS_FirstSight/ThirdParty/freeRTOS/portable/GCC/ARM_CM4F" -I../Drivers/STM32F4xx_HAL_Driver/Inc -I../Drivers/STM32F4xx_HAL_Driver/Inc/Legacy -I../Drivers/CMSIS/Device/ST/STM32F4xx/Include -I../Drivers/CMSIS/Include -O0 -ffunction-sections -fdata-sections -Wall -fstack-usage -fcyclomatic-complexity -MMD -MP -MF"ThirdParty/freeRTOS/portable/GCC/ARM_CM4F/port.d" -MT"ThirdParty/freeRTOS/portable/GCC/ARM_CM4F/port.o" --specs=nano.specs -mfpu=fpv4-sp-d16 -mfloat-abi=hard -mthumb -o "ThirdParty/freeRTOS/portable/GCC/ARM_CM4F/port.o"
arm-none-eabi-gcc "../ThirdParty/freeRTOS/croutine.c" -mcpu=cortex-m4 -std=gnu11 -g3 -DDEBUG -DUSE_HAL_DRIVER -DSTM32F407xx -c -I../Core/Inc -I"C:/Users/yunus/STM32CubeIDE/freeRTOS_Experiences/001_freeRTOS_FirstSight/ThirdParty/freeRTOS" -I"C:/Users/yunus/STM32CubeIDE/freeRTOS_Experiences/001_freeRTOS_FirstSight/ThirdParty/freeRTOS/include" -I"C:/Users/yunus/STM32CubeIDE/freeRTOS_Experiences/001_freeRTOS_FirstSight/ThirdParty/freeRTOS/portable/GCC/ARM_CM4F" -I../Drivers/STM32F4xx_HAL_Driver/Inc -I../Drivers/STM32F4xx_HAL_Driver/Inc/Legacy -I../Drivers/CMSIS/Device/ST/STM32F4xx/Include -I../Drivers/CMSIS/Include -O0 -ffunction-sections -fdata-sections -Wall -fstack-usage -fcyclomatic-complexity -MMD -MP -MF"ThirdParty/freeRTOS/croutine.d" -MT"ThirdParty/freeRTOS/croutine.o" --specs=nano.specs -mfpu=fpv4-sp-d16 -mfloat-abi=hard -mthumb -o "ThirdParty/freeRTOS/croutine.o"
arm-none-eabi-gcc "../ThirdParty/freeRTOS/event_groups.c" -mcpu=cortex-m4 -std=gnu11 -g3 -DDEBUG -DUSE_HAL_DRIVER -DSTM32F407xx -c -I../Core/Inc -I"C:/Users/yunus/STM32CubeIDE/freeRTOS_Experiences/001_freeRTOS_FirstSight/ThirdParty/freeRTOS" -I"C:/Users/yunus/STM32CubeIDE/freeRTOS_Experiences/001_freeRTOS_FirstSight/ThirdParty/freeRTOS/include" -I"C:/Users/yunus/STM32CubeIDE/freeRTOS_Experiences/001_freeRTOS_FirstSight/ThirdParty/freeRTOS/portable/GCC/ARM_CM4F" -I../Drivers/STM32F4xx_HAL_Driver/Inc -I../Drivers/STM32F4xx_HAL_Driver/Inc/Legacy -I../Drivers/CMSIS/Device/ST/STM32F4xx/Include -I../Drivers/CMSIS/Include -O0 -ffunction-sections -fdata-sections -Wall -fstack-usage -fcyclomatic-complexity -MMD -MP -MF"ThirdParty/freeRTOS/event_groups.d" -MT"ThirdParty/freeRTOS/event_groups.o" --specs=nano.specs -mfpu=fpv4-sp-d16 -mfloat-abi=hard -mthumb -o "ThirdParty/freeRTOS/event_groups.o"
arm-none-eabi-gcc "../ThirdParty/freeRTOS/list.c" -mcpu=cortex-m4 -std=gnu11 -g3 -DDEBUG -DUSE_HAL_DRIVER -DSTM32F407xx -c -I../Core/Inc -I"C:/Users/yunus/STM32CubeIDE/freeRTOS_Experiences/001_freeRTOS_FirstSight/ThirdParty/freeRTOS" -I"C:/Users/yunus/STM32CubeIDE/freeRTOS_Experiences/001_freeRTOS_FirstSight/ThirdParty/freeRTOS/include" -I"C:/Users/yunus/STM32CubeIDE/freeRTOS_Experiences/001_freeRTOS_FirstSight/ThirdParty/freeRTOS/portable/GCC/ARM_CM4F" -I../Drivers/STM32F4xx_HAL_Driver/Inc -I../Drivers/STM32F4xx_HAL_Driver/Inc/Legacy -I../Drivers/CMSIS/Device/ST/STM32F4xx/Include -I../Drivers/CMSIS/Include -O0 -ffunction-sections -fdata-sections -Wall -fstack-usage -fcyclomatic-complexity -MMD -MP -MF"ThirdParty/freeRTOS/list.d" -MT"ThirdParty/freeRTOS/list.o" --specs=nano.specs -mfpu=fpv4-sp-d16 -mfloat-abi=hard -mthumb -o "ThirdParty/freeRTOS/list.o"
arm-none-eabi-gcc "../ThirdParty/freeRTOS/queue.c" -mcpu=cortex-m4 -std=gnu11 -g3 -DDEBUG -DUSE_HAL_DRIVER -DSTM32F407xx -c -I../Core/Inc -I"C:/Users/yunus/STM32CubeIDE/freeRTOS_Experiences/001_freeRTOS_FirstSight/ThirdParty/freeRTOS" -I"C:/Users/yunus/STM32CubeIDE/freeRTOS_Experiences/001_freeRTOS_FirstSight/ThirdParty/freeRTOS/include" -I"C:/Users/yunus/STM32CubeIDE/freeRTOS_Experiences/001_freeRTOS_FirstSight/ThirdParty/freeRTOS/portable/GCC/ARM_CM4F" -I../Drivers/STM32F4xx_HAL_Driver/Inc -I../Drivers/STM32F4xx_HAL_Driver/Inc/Legacy -I../Drivers/CMSIS/Device/ST/STM32F4xx/Include -I../Drivers/CMSIS/Include -O0 -ffunction-sections -fdata-sections -Wall -fstack-usage -fcyclomatic-complexity -MMD -MP -MF"ThirdParty/freeRTOS/queue.d" -MT"ThirdParty/freeRTOS/queue.o" --specs=nano.specs -mfpu=fpv4-sp-d16 -mfloat-abi=hard -mthumb -o "ThirdParty/freeRTOS/queue.o"
arm-none-eabi-gcc "../ThirdParty/freeRTOS/stream_buffer.c" -mcpu=cortex-m4 -std=gnu11 -g3 -DDEBUG -DUSE_HAL_DRIVER -DSTM32F407xx -c -I../Core/Inc -I"C:/Users/yunus/STM32CubeIDE/freeRTOS_Experiences/001_freeRTOS_FirstSight/ThirdParty/freeRTOS" -I"C:/Users/yunus/STM32CubeIDE/freeRTOS_Experiences/001_freeRTOS_FirstSight/ThirdParty/freeRTOS/include" -I"C:/Users/yunus/STM32CubeIDE/freeRTOS_Experiences/001_freeRTOS_FirstSight/ThirdParty/freeRTOS/portable/GCC/ARM_CM4F" -I../Drivers/STM32F4xx_HAL_Driver/Inc -I../Drivers/STM32F4xx_HAL_Driver/Inc/Legacy -I../Drivers/CMSIS/Device/ST/STM32F4xx/Include -I../Drivers/CMSIS/Include -O0 -ffunction-sections -fdata-sections -Wall -fstack-usage -fcyclomatic-complexity -MMD -MP -MF"ThirdParty/freeRTOS/stream_buffer.d" -MT"ThirdParty/freeRTOS/stream_buffer.o" --specs=nano.specs -mfpu=fpv4-sp-d16 -mfloat-abi=hard -mthumb -o "ThirdParty/freeRTOS/stream_buffer.o"
arm-none-eabi-gcc "../ThirdParty/freeRTOS/tasks.c" -mcpu=cortex-m4 -std=gnu11 -g3 -DDEBUG -DUSE_HAL_DRIVER -DSTM32F407xx -c -I../Core/Inc -I"C:/Users/yunus/STM32CubeIDE/freeRTOS_Experiences/001_freeRTOS_FirstSight/ThirdParty/freeRTOS" -I"C:/Users/yunus/STM32CubeIDE/freeRTOS_Experiences/001_freeRTOS_FirstSight/ThirdParty/freeRTOS/include" -I"C:/Users/yunus/STM32CubeIDE/freeRTOS_Experiences/001_freeRTOS_FirstSight/ThirdParty/freeRTOS/portable/GCC/ARM_CM4F" -I../Drivers/STM32F4xx_HAL_Driver/Inc -I../Drivers/STM32F4xx_HAL_Driver/Inc/Legacy -I../Drivers/CMSIS/Device/ST/STM32F4xx/Include -I../Drivers/CMSIS/Include -O0 -ffunction-sections -fdata-sections -Wall -fstack-usage -fcyclomatic-complexity -MMD -MP -MF"ThirdParty/freeRTOS/tasks.d" -MT"ThirdParty/freeRTOS/tasks.o" --specs=nano.specs -mfpu=fpv4-sp-d16 -mfloat-abi=hard -mthumb -o "ThirdParty/freeRTOS/tasks.o"
arm-none-eabi-gcc "../ThirdParty/freeRTOS/timers.c" -mcpu=cortex-m4 -std=gnu11 -g3 -DDEBUG -DUSE_HAL_DRIVER -DSTM32F407xx -c -I../Core/Inc -I"C:/Users/yunus/STM32CubeIDE/freeRTOS_Experiences/001_freeRTOS_FirstSight/ThirdParty/freeRTOS" -I"C:/Users/yunus/STM32CubeIDE/freeRTOS_Experiences/001_freeRTOS_FirstSight/ThirdParty/freeRTOS/include" -I"C:/Users/yunus/STM32CubeIDE/freeRTOS_Experiences/001_freeRTOS_FirstSight/ThirdParty/freeRTOS/portable/GCC/ARM_CM4F" -I../Drivers/STM32F4xx_HAL_Driver/Inc -I../Drivers/STM32F4xx_HAL_Driver/Inc/Legacy -I../Drivers/CMSIS/Device/ST/STM32F4xx/Include -I../Drivers/CMSIS/Include -O0 -ffunction-sections -fdata-sections -Wall -fstack-usage -fcyclomatic-complexity -MMD -MP -MF"ThirdParty/freeRTOS/timers.d" -MT"ThirdParty/freeRTOS/timers.o" --specs=nano.specs -mfpu=fpv4-sp-d16 -mfloat-abi=hard -mthumb -o "ThirdParty/freeRTOS/timers.o"
arm-none-eabi-gcc "../Core/Src/main.c" -mcpu=cortex-m4 -std=gnu11 -g3 -DDEBUG -DUSE_HAL_DRIVER -DSTM32F407xx -c -I../Core/Inc -I"C:/Users/yunus/STM32CubeIDE/freeRTOS_Experiences/001_freeRTOS_FirstSight/ThirdParty/freeRTOS" -I"C:/Users/yunus/STM32CubeIDE/freeRTOS_Experiences/001_freeRTOS_FirstSight/ThirdParty/freeRTOS/include" -I"C:/Users/yunus/STM32CubeIDE/freeRTOS_Experiences/001_freeRTOS_FirstSight/ThirdParty/freeRTOS/portable/GCC/ARM_CM4F" -I../Drivers/STM32F4xx_HAL_Driver/Inc -I../Drivers/STM32F4xx_HAL_Driver/Inc/Legacy -I../Drivers/CMSIS/Device/ST/STM32F4xx/Include -I../Drivers/CMSIS/Include -O0 -ffunction-sections -fdata-sections -Wall -fstack-usage -fcyclomatic-complexity -MMD -MP -MF"Core/Src/main.d" -MT"Core/Src/main.o" --specs=nano.specs -mfpu=fpv4-sp-d16 -mfloat-abi=hard -mthumb -o "Core/Src/main.o"
arm-none-eabi-gcc -o "001_freeRTOS_FirstSight.elf" @"objects.list"   -mcpu=cortex-m4 -T"C:\Users\yunus\STM32CubeIDE\freeRTOS_Experiences\001_freeRTOS_FirstSight\STM32F407VGTX_FLASH.ld" --specs=nosys.specs -Wl,-Map="001_freeRTOS_FirstSight.map" -Wl,--gc-sections -static --specs=nano.specs -mfpu=fpv4-sp-d16 -mfloat-abi=hard -mthumb -Wl,--start-group -lc -lm -Wl,--end-group
Finished building target: 001_freeRTOS_FirstSight.elf
 
arm-none-eabi-size  001_freeRTOS_FirstSight.elf 
arm-none-eabi-objdump -h -S 001_freeRTOS_FirstSight.elf  > "001_freeRTOS_FirstSight.list"
   text	   data	    bss	    dec	    hex	filename
  19120	    112	  79200	  98432	  18080	001_freeRTOS_FirstSight.elf
Finished building: default.size.stdout
 
Finished building: 001_freeRTOS_FirstSight.list
 
18:37:07 **** Incremental Build of configuration Debug for project 001_freeRTOS_FirstSight ****
make -j8 all 
arm-none-eabi-gcc "../ThirdParty/freeRTOS/portable/MemMang/heap_4.c" -mcpu=cortex-m4 -std=gnu11 -g3 -DDEBUG -DUSE_HAL_DRIVER -DSTM32F407xx -c -I../Core/Inc -I"C:/Users/yunus/STM32CubeIDE/freeRTOS_Experiences/001_freeRTOS_FirstSight/ThirdParty/freeRTOS" -I"C:/Users/yunus/STM32CubeIDE/freeRTOS_Experiences/001_freeRTOS_FirstSight/ThirdParty/freeRTOS/include" -I"C:/Users/yunus/STM32CubeIDE/freeRTOS_Experiences/001_freeRTOS_FirstSight/ThirdParty/freeRTOS/portable/GCC/ARM_CM4F" -I../Drivers/STM32F4xx_HAL_Driver/Inc -I../Drivers/STM32F4xx_HAL_Driver/Inc/Legacy -I../Drivers/CMSIS/Device/ST/STM32F4xx/Include -I../Drivers/CMSIS/Include -O0 -ffunction-sections -fdata-sections -Wall -fstack-usage -fcyclomatic-complexity -MMD -MP -MF"ThirdParty/freeRTOS/portable/MemMang/heap_4.d" -MT"ThirdParty/freeRTOS/portable/MemMang/heap_4.o" --specs=nano.specs -mfpu=fpv4-sp-d16 -mfloat-abi=hard -mthumb -o "ThirdParty/freeRTOS/portable/MemMang/heap_4.o"
arm-none-eabi-gcc "../ThirdParty/freeRTOS/portable/GCC/ARM_CM4F/port.c" -mcpu=cortex-m4 -std=gnu11 -g3 -DDEBUG -DUSE_HAL_DRIVER -DSTM32F407xx -c -I../Core/Inc -I"C:/Users/yunus/STM32CubeIDE/freeRTOS_Experiences/001_freeRTOS_FirstSight/ThirdParty/freeRTOS" -I"C:/Users/yunus/STM32CubeIDE/freeRTOS_Experiences/001_freeRTOS_FirstSight/ThirdParty/freeRTOS/include" -I"C:/Users/yunus/STM32CubeIDE/freeRTOS_Experiences/001_freeRTOS_FirstSight/ThirdParty/freeRTOS/portable/GCC/ARM_CM4F" -I../Drivers/STM32F4xx_HAL_Driver/Inc -I../Drivers/STM32F4xx_HAL_Driver/Inc/Legacy -I../Drivers/CMSIS/Device/ST/STM32F4xx/Include -I../Drivers/CMSIS/Include -O0 -ffunction-sections -fdata-sections -Wall -fstack-usage -fcyclomatic-complexity -MMD -MP -MF"ThirdParty/freeRTOS/portable/GCC/ARM_CM4F/port.d" -MT"ThirdParty/freeRTOS/portable/GCC/ARM_CM4F/port.o" --specs=nano.specs -mfpu=fpv4-sp-d16 -mfloat-abi=hard -mthumb -o "ThirdParty/freeRTOS/portable/GCC/ARM_CM4F/port.o"
arm-none-eabi-gcc "../ThirdParty/freeRTOS/croutine.c" -mcpu=cortex-m4 -std=gnu11 -g3 -DDEBUG -DUSE_HAL_DRIVER -DSTM32F407xx -c -I../Core/Inc -I"C:/Users/yunus/STM32CubeIDE/freeRTOS_Experiences/001_freeRTOS_FirstSight/ThirdParty/freeRTOS" -I"C:/Users/yunus/STM32CubeIDE/freeRTOS_Experiences/001_freeRTOS_FirstSight/ThirdParty/freeRTOS/include" -I"C:/Users/yunus/STM32CubeIDE/freeRTOS_Experiences/001_freeRTOS_FirstSight/ThirdParty/freeRTOS/portable/GCC/ARM_CM4F" -I../Drivers/STM32F4xx_HAL_Driver/Inc -I../Drivers/STM32F4xx_HAL_Driver/Inc/Legacy -I../Drivers/CMSIS/Device/ST/STM32F4xx/Include -I../Drivers/CMSIS/Include -O0 -ffunction-sections -fdata-sections -Wall -fstack-usage -fcyclomatic-complexity -MMD -MP -MF"ThirdParty/freeRTOS/croutine.d" -MT"ThirdParty/freeRTOS/croutine.o" --specs=nano.specs -mfpu=fpv4-sp-d16 -mfloat-abi=hard -mthumb -o "ThirdParty/freeRTOS/croutine.o"
arm-none-eabi-gcc "../ThirdParty/freeRTOS/event_groups.c" -mcpu=cortex-m4 -std=gnu11 -g3 -DDEBUG -DUSE_HAL_DRIVER -DSTM32F407xx -c -I../Core/Inc -I"C:/Users/yunus/STM32CubeIDE/freeRTOS_Experiences/001_freeRTOS_FirstSight/ThirdParty/freeRTOS" -I"C:/Users/yunus/STM32CubeIDE/freeRTOS_Experiences/001_freeRTOS_FirstSight/ThirdParty/freeRTOS/include" -I"C:/Users/yunus/STM32CubeIDE/freeRTOS_Experiences/001_freeRTOS_FirstSight/ThirdParty/freeRTOS/portable/GCC/ARM_CM4F" -I../Drivers/STM32F4xx_HAL_Driver/Inc -I../Drivers/STM32F4xx_HAL_Driver/Inc/Legacy -I../Drivers/CMSIS/Device/ST/STM32F4xx/Include -I../Drivers/CMSIS/Include -O0 -ffunction-sections -fdata-sections -Wall -fstack-usage -fcyclomatic-complexity -MMD -MP -MF"ThirdParty/freeRTOS/event_groups.d" -MT"ThirdParty/freeRTOS/event_groups.o" --specs=nano.specs -mfpu=fpv4-sp-d16 -mfloat-abi=hard -mthumb -o "ThirdParty/freeRTOS/event_groups.o"
arm-none-eabi-gcc "../ThirdParty/freeRTOS/list.c" -mcpu=cortex-m4 -std=gnu11 -g3 -DDEBUG -DUSE_HAL_DRIVER -DSTM32F407xx -c -I../Core/Inc -I"C:/Users/yunus/STM32CubeIDE/freeRTOS_Experiences/001_freeRTOS_FirstSight/ThirdParty/freeRTOS" -I"C:/Users/yunus/STM32CubeIDE/freeRTOS_Experiences/001_freeRTOS_FirstSight/ThirdParty/freeRTOS/include" -I"C:/Users/yunus/STM32CubeIDE/freeRTOS_Experiences/001_freeRTOS_FirstSight/ThirdParty/freeRTOS/portable/GCC/ARM_CM4F" -I../Drivers/STM32F4xx_HAL_Driver/Inc -I../Drivers/STM32F4xx_HAL_Driver/Inc/Legacy -I../Drivers/CMSIS/Device/ST/STM32F4xx/Include -I../Drivers/CMSIS/Include -O0 -ffunction-sections -fdata-sections -Wall -fstack-usage -fcyclomatic-complexity -MMD -MP -MF"ThirdParty/freeRTOS/list.d" -MT"ThirdParty/freeRTOS/list.o" --specs=nano.specs -mfpu=fpv4-sp-d16 -mfloat-abi=hard -mthumb -o "ThirdParty/freeRTOS/list.o"
arm-none-eabi-gcc "../ThirdParty/freeRTOS/queue.c" -mcpu=cortex-m4 -std=gnu11 -g3 -DDEBUG -DUSE_HAL_DRIVER -DSTM32F407xx -c -I../Core/Inc -I"C:/Users/yunus/STM32CubeIDE/freeRTOS_Experiences/001_freeRTOS_FirstSight/ThirdParty/freeRTOS" -I"C:/Users/yunus/STM32CubeIDE/freeRTOS_Experiences/001_freeRTOS_FirstSight/ThirdParty/freeRTOS/include" -I"C:/Users/yunus/STM32CubeIDE/freeRTOS_Experiences/001_freeRTOS_FirstSight/ThirdParty/freeRTOS/portable/GCC/ARM_CM4F" -I../Drivers/STM32F4xx_HAL_Driver/Inc -I../Drivers/STM32F4xx_HAL_Driver/Inc/Legacy -I../Drivers/CMSIS/Device/ST/STM32F4xx/Include -I../Drivers/CMSIS/Include -O0 -ffunction-sections -fdata-sections -Wall -fstack-usage -fcyclomatic-complexity -MMD -MP -MF"ThirdParty/freeRTOS/queue.d" -MT"ThirdParty/freeRTOS/queue.o" --specs=nano.specs -mfpu=fpv4-sp-d16 -mfloat-abi=hard -mthumb -o "ThirdParty/freeRTOS/queue.o"
arm-none-eabi-gcc "../ThirdParty/freeRTOS/stream_buffer.c" -mcpu=cortex-m4 -std=gnu11 -g3 -DDEBUG -DUSE_HAL_DRIVER -DSTM32F407xx -c -I../Core/Inc -I"C:/Users/yunus/STM32CubeIDE/freeRTOS_Experiences/001_freeRTOS_FirstSight/ThirdParty/freeRTOS" -I"C:/Users/yunus/STM32CubeIDE/freeRTOS_Experiences/001_freeRTOS_FirstSight/ThirdParty/freeRTOS/include" -I"C:/Users/yunus/STM32CubeIDE/freeRTOS_Experiences/001_freeRTOS_FirstSight/ThirdParty/freeRTOS/portable/GCC/ARM_CM4F" -I../Drivers/STM32F4xx_HAL_Driver/Inc -I../Drivers/STM32F4xx_HAL_Driver/Inc/Legacy -I../Drivers/CMSIS/Device/ST/STM32F4xx/Include -I../Drivers/CMSIS/Include -O0 -ffunction-sections -fdata-sections -Wall -fstack-usage -fcyclomatic-complexity -MMD -MP -MF"ThirdParty/freeRTOS/stream_buffer.d" -MT"ThirdParty/freeRTOS/stream_buffer.o" --specs=nano.specs -mfpu=fpv4-sp-d16 -mfloat-abi=hard -mthumb -o "ThirdParty/freeRTOS/stream_buffer.o"
arm-none-eabi-gcc "../ThirdParty/freeRTOS/tasks.c" -mcpu=cortex-m4 -std=gnu11 -g3 -DDEBUG -DUSE_HAL_DRIVER -DSTM32F407xx -c -I../Core/Inc -I"C:/Users/yunus/STM32CubeIDE/freeRTOS_Experiences/001_freeRTOS_FirstSight/ThirdParty/freeRTOS" -I"C:/Users/yunus/STM32CubeIDE/freeRTOS_Experiences/001_freeRTOS_FirstSight/ThirdParty/freeRTOS/include" -I"C:/Users/yunus/STM32CubeIDE/freeRTOS_Experiences/001_freeRTOS_FirstSight/ThirdParty/freeRTOS/portable/GCC/ARM_CM4F" -I../Drivers/STM32F4xx_HAL_Driver/Inc -I../Drivers/STM32F4xx_HAL_Driver/Inc/Legacy -I../Drivers/CMSIS/Device/ST/STM32F4xx/Include -I../Drivers/CMSIS/Include -O0 -ffunction-sections -fdata-sections -Wall -fstack-usage -fcyclomatic-complexity -MMD -MP -MF"ThirdParty/freeRTOS/tasks.d" -MT"ThirdParty/freeRTOS/tasks.o" --specs=nano.specs -mfpu=fpv4-sp-d16 -mfloat-abi=hard -mthumb -o "ThirdParty/freeRTOS/tasks.o"
arm-none-eabi-gcc "../ThirdParty/freeRTOS/timers.c" -mcpu=cortex-m4 -std=gnu11 -g3 -DDEBUG -DUSE_HAL_DRIVER -DSTM32F407xx -c -I../Core/Inc -I"C:/Users/yunus/STM32CubeIDE/freeRTOS_Experiences/001_freeRTOS_FirstSight/ThirdParty/freeRTOS" -I"C:/Users/yunus/STM32CubeIDE/freeRTOS_Experiences/001_freeRTOS_FirstSight/ThirdParty/freeRTOS/include" -I"C:/Users/yunus/STM32CubeIDE/freeRTOS_Experiences/001_freeRTOS_FirstSight/ThirdParty/freeRTOS/portable/GCC/ARM_CM4F" -I../Drivers/STM32F4xx_HAL_Driver/Inc -I../Drivers/STM32F4xx_HAL_Driver/Inc/Legacy -I../Drivers/CMSIS/Device/ST/STM32F4xx/Include -I../Drivers/CMSIS/Include -O0 -ffunction-sections -fdata-sections -Wall -fstack-usage -fcyclomatic-complexity -MMD -MP -MF"ThirdParty/freeRTOS/timers.d" -MT"ThirdParty/freeRTOS/timers.o" --specs=nano.specs -mfpu=fpv4-sp-d16 -mfloat-abi=hard -mthumb -o "ThirdParty/freeRTOS/timers.o"
arm-none-eabi-gcc "../Core/Src/main.c" -mcpu=cortex-m4 -std=gnu11 -g3 -DDEBUG -DUSE_HAL_DRIVER -DSTM32F407xx -c -I../Core/Inc -I"C:/Users/yunus/STM32CubeIDE/freeRTOS_Experiences/001_freeRTOS_FirstSight/ThirdParty/freeRTOS" -I"C:/Users/yunus/STM32CubeIDE/freeRTOS_Experiences/001_freeRTOS_FirstSight/ThirdParty/freeRTOS/include" -I"C:/Users/yunus/STM32CubeIDE/freeRTOS_Experiences/001_freeRTOS_FirstSight/ThirdParty/freeRTOS/portable/GCC/ARM_CM4F" -I../Drivers/STM32F4xx_HAL_Driver/Inc -I../Drivers/STM32F4xx_HAL_Driver/Inc/Legacy -I../Drivers/CMSIS/Device/ST/STM32F4xx/Include -I../Drivers/CMSIS/Include -O0 -ffunction-sections -fdata-sections -Wall -fstack-usage -fcyclomatic-complexity -MMD -MP -MF"Core/Src/main.d" -MT"Core/Src/main.o" --specs=nano.specs -mfpu=fpv4-sp-d16 -mfloat-abi=hard -mthumb -o "Core/Src/main.o"
arm-none-eabi-gcc -o "001_freeRTOS_FirstSight.elf" @"objects.list"   -mcpu=cortex-m4 -T"C:\Users\yunus\STM32CubeIDE\freeRTOS_Experiences\001_freeRTOS_FirstSight\STM32F407VGTX_FLASH.ld" --specs=nosys.specs -Wl,-Map="001_freeRTOS_FirstSight.map" -Wl,--gc-sections -static --specs=nano.specs -mfpu=fpv4-sp-d16 -mfloat-abi=hard -mthumb -Wl,--start-group -lc -lm -Wl,--end-group
C:/ST/STM32CubeIDE_1.13.0/STM32CubeIDE/plugins/com.st.stm32cube.ide.mcu.externaltools.gnu-tools-for-stm32.12.3.rel1.win32_1.0.200.202406191623/tools/bin/../lib/gcc/arm-none-eabi/12.3.1/../../../../arm-none-eabi/bin/ld.exe: 001_freeRTOS_FirstSight.elf section `.bss' will not fit in region `RAM'
C:/ST/STM32CubeIDE_1.13.0/STM32CubeIDE/plugins/com.st.stm32cube.ide.mcu.externaltools.gnu-tools-for-stm32.12.3.rel1.win32_1.0.200.202406191623/tools/bin/../lib/gcc/arm-none-eabi/12.3.1/../../../../arm-none-eabi/bin/ld.exe: region `RAM' overflowed by 4560 bytes
collect2.exe: error: ld returned 1 exit status
make: *** [makefile:67: 001_freeRTOS_FirstSight.elf] Error 1
"make -j8 all" terminated with exit code 2. Build might be incomplete.
18:37:24 **** Incremental Build of configuration Debug for project 001_freeRTOS_FirstSight ****
make -j8 all 
arm-none-eabi-gcc "../ThirdParty/freeRTOS/portable/MemMang/heap_4.c" -mcpu=cortex-m4 -std=gnu11 -g3 -DDEBUG -DUSE_HAL_DRIVER -DSTM32F407xx -c -I../Core/Inc -I"C:/Users/yunus/STM32CubeIDE/freeRTOS_Experiences/001_freeRTOS_FirstSight/ThirdParty/freeRTOS" -I"C:/Users/yunus/STM32CubeIDE/freeRTOS_Experiences/001_freeRTOS_FirstSight/ThirdParty/freeRTOS/include" -I"C:/Users/yunus/STM32CubeIDE/freeRTOS_Experiences/001_freeRTOS_FirstSight/ThirdParty/freeRTOS/portable/GCC/ARM_CM4F" -I../Drivers/STM32F4xx_HAL_Driver/Inc -I../Drivers/STM32F4xx_HAL_Driver/Inc/Legacy -I../Drivers/CMSIS/Device/ST/STM32F4xx/Include -I../Drivers/CMSIS/Include -O0 -ffunction-sections -fdata-sections -Wall -fstack-usage -fcyclomatic-complexity -MMD -MP -MF"ThirdParty/freeRTOS/portable/MemMang/heap_4.d" -MT"ThirdParty/freeRTOS/portable/MemMang/heap_4.o" --specs=nano.specs -mfpu=fpv4-sp-d16 -mfloat-abi=hard -mthumb -o "ThirdParty/freeRTOS/portable/MemMang/heap_4.o"
arm-none-eabi-gcc "../ThirdParty/freeRTOS/portable/GCC/ARM_CM4F/port.c" -mcpu=cortex-m4 -std=gnu11 -g3 -DDEBUG -DUSE_HAL_DRIVER -DSTM32F407xx -c -I../Core/Inc -I"C:/Users/yunus/STM32CubeIDE/freeRTOS_Experiences/001_freeRTOS_FirstSight/ThirdParty/freeRTOS" -I"C:/Users/yunus/STM32CubeIDE/freeRTOS_Experiences/001_freeRTOS_FirstSight/ThirdParty/freeRTOS/include" -I"C:/Users/yunus/STM32CubeIDE/freeRTOS_Experiences/001_freeRTOS_FirstSight/ThirdParty/freeRTOS/portable/GCC/ARM_CM4F" -I../Drivers/STM32F4xx_HAL_Driver/Inc -I../Drivers/STM32F4xx_HAL_Driver/Inc/Legacy -I../Drivers/CMSIS/Device/ST/STM32F4xx/Include -I../Drivers/CMSIS/Include -O0 -ffunction-sections -fdata-sections -Wall -fstack-usage -fcyclomatic-complexity -MMD -MP -MF"ThirdParty/freeRTOS/portable/GCC/ARM_CM4F/port.d" -MT"ThirdParty/freeRTOS/portable/GCC/ARM_CM4F/port.o" --specs=nano.specs -mfpu=fpv4-sp-d16 -mfloat-abi=hard -mthumb -o "ThirdParty/freeRTOS/portable/GCC/ARM_CM4F/port.o"
arm-none-eabi-gcc "../ThirdParty/freeRTOS/croutine.c" -mcpu=cortex-m4 -std=gnu11 -g3 -DDEBUG -DUSE_HAL_DRIVER -DSTM32F407xx -c -I../Core/Inc -I"C:/Users/yunus/STM32CubeIDE/freeRTOS_Experiences/001_freeRTOS_FirstSight/ThirdParty/freeRTOS" -I"C:/Users/yunus/STM32CubeIDE/freeRTOS_Experiences/001_freeRTOS_FirstSight/ThirdParty/freeRTOS/include" -I"C:/Users/yunus/STM32CubeIDE/freeRTOS_Experiences/001_freeRTOS_FirstSight/ThirdParty/freeRTOS/portable/GCC/ARM_CM4F" -I../Drivers/STM32F4xx_HAL_Driver/Inc -I../Drivers/STM32F4xx_HAL_Driver/Inc/Legacy -I../Drivers/CMSIS/Device/ST/STM32F4xx/Include -I../Drivers/CMSIS/Include -O0 -ffunction-sections -fdata-sections -Wall -fstack-usage -fcyclomatic-complexity -MMD -MP -MF"ThirdParty/freeRTOS/croutine.d" -MT"ThirdParty/freeRTOS/croutine.o" --specs=nano.specs -mfpu=fpv4-sp-d16 -mfloat-abi=hard -mthumb -o "ThirdParty/freeRTOS/croutine.o"
arm-none-eabi-gcc "../ThirdParty/freeRTOS/event_groups.c" -mcpu=cortex-m4 -std=gnu11 -g3 -DDEBUG -DUSE_HAL_DRIVER -DSTM32F407xx -c -I../Core/Inc -I"C:/Users/yunus/STM32CubeIDE/freeRTOS_Experiences/001_freeRTOS_FirstSight/ThirdParty/freeRTOS" -I"C:/Users/yunus/STM32CubeIDE/freeRTOS_Experiences/001_freeRTOS_FirstSight/ThirdParty/freeRTOS/include" -I"C:/Users/yunus/STM32CubeIDE/freeRTOS_Experiences/001_freeRTOS_FirstSight/ThirdParty/freeRTOS/portable/GCC/ARM_CM4F" -I../Drivers/STM32F4xx_HAL_Driver/Inc -I../Drivers/STM32F4xx_HAL_Driver/Inc/Legacy -I../Drivers/CMSIS/Device/ST/STM32F4xx/Include -I../Drivers/CMSIS/Include -O0 -ffunction-sections -fdata-sections -Wall -fstack-usage -fcyclomatic-complexity -MMD -MP -MF"ThirdParty/freeRTOS/event_groups.d" -MT"ThirdParty/freeRTOS/event_groups.o" --specs=nano.specs -mfpu=fpv4-sp-d16 -mfloat-abi=hard -mthumb -o "ThirdParty/freeRTOS/event_groups.o"
arm-none-eabi-gcc "../ThirdParty/freeRTOS/list.c" -mcpu=cortex-m4 -std=gnu11 -g3 -DDEBUG -DUSE_HAL_DRIVER -DSTM32F407xx -c -I../Core/Inc -I"C:/Users/yunus/STM32CubeIDE/freeRTOS_Experiences/001_freeRTOS_FirstSight/ThirdParty/freeRTOS" -I"C:/Users/yunus/STM32CubeIDE/freeRTOS_Experiences/001_freeRTOS_FirstSight/ThirdParty/freeRTOS/include" -I"C:/Users/yunus/STM32CubeIDE/freeRTOS_Experiences/001_freeRTOS_FirstSight/ThirdParty/freeRTOS/portable/GCC/ARM_CM4F" -I../Drivers/STM32F4xx_HAL_Driver/Inc -I../Drivers/STM32F4xx_HAL_Driver/Inc/Legacy -I../Drivers/CMSIS/Device/ST/STM32F4xx/Include -I../Drivers/CMSIS/Include -O0 -ffunction-sections -fdata-sections -Wall -fstack-usage -fcyclomatic-complexity -MMD -MP -MF"ThirdParty/freeRTOS/list.d" -MT"ThirdParty/freeRTOS/list.o" --specs=nano.specs -mfpu=fpv4-sp-d16 -mfloat-abi=hard -mthumb -o "ThirdParty/freeRTOS/list.o"
arm-none-eabi-gcc "../ThirdParty/freeRTOS/queue.c" -mcpu=cortex-m4 -std=gnu11 -g3 -DDEBUG -DUSE_HAL_DRIVER -DSTM32F407xx -c -I../Core/Inc -I"C:/Users/yunus/STM32CubeIDE/freeRTOS_Experiences/001_freeRTOS_FirstSight/ThirdParty/freeRTOS" -I"C:/Users/yunus/STM32CubeIDE/freeRTOS_Experiences/001_freeRTOS_FirstSight/ThirdParty/freeRTOS/include" -I"C:/Users/yunus/STM32CubeIDE/freeRTOS_Experiences/001_freeRTOS_FirstSight/ThirdParty/freeRTOS/portable/GCC/ARM_CM4F" -I../Drivers/STM32F4xx_HAL_Driver/Inc -I../Drivers/STM32F4xx_HAL_Driver/Inc/Legacy -I../Drivers/CMSIS/Device/ST/STM32F4xx/Include -I../Drivers/CMSIS/Include -O0 -ffunction-sections -fdata-sections -Wall -fstack-usage -fcyclomatic-complexity -MMD -MP -MF"ThirdParty/freeRTOS/queue.d" -MT"ThirdParty/freeRTOS/queue.o" --specs=nano.specs -mfpu=fpv4-sp-d16 -mfloat-abi=hard -mthumb -o "ThirdParty/freeRTOS/queue.o"
arm-none-eabi-gcc "../ThirdParty/freeRTOS/stream_buffer.c" -mcpu=cortex-m4 -std=gnu11 -g3 -DDEBUG -DUSE_HAL_DRIVER -DSTM32F407xx -c -I../Core/Inc -I"C:/Users/yunus/STM32CubeIDE/freeRTOS_Experiences/001_freeRTOS_FirstSight/ThirdParty/freeRTOS" -I"C:/Users/yunus/STM32CubeIDE/freeRTOS_Experiences/001_freeRTOS_FirstSight/ThirdParty/freeRTOS/include" -I"C:/Users/yunus/STM32CubeIDE/freeRTOS_Experiences/001_freeRTOS_FirstSight/ThirdParty/freeRTOS/portable/GCC/ARM_CM4F" -I../Drivers/STM32F4xx_HAL_Driver/Inc -I../Drivers/STM32F4xx_HAL_Driver/Inc/Legacy -I../Drivers/CMSIS/Device/ST/STM32F4xx/Include -I../Drivers/CMSIS/Include -O0 -ffunction-sections -fdata-sections -Wall -fstack-usage -fcyclomatic-complexity -MMD -MP -MF"ThirdParty/freeRTOS/stream_buffer.d" -MT"ThirdParty/freeRTOS/stream_buffer.o" --specs=nano.specs -mfpu=fpv4-sp-d16 -mfloat-abi=hard -mthumb -o "ThirdParty/freeRTOS/stream_buffer.o"
arm-none-eabi-gcc "../ThirdParty/freeRTOS/tasks.c" -mcpu=cortex-m4 -std=gnu11 -g3 -DDEBUG -DUSE_HAL_DRIVER -DSTM32F407xx -c -I../Core/Inc -I"C:/Users/yunus/STM32CubeIDE/freeRTOS_Experiences/001_freeRTOS_FirstSight/ThirdParty/freeRTOS" -I"C:/Users/yunus/STM32CubeIDE/freeRTOS_Experiences/001_freeRTOS_FirstSight/ThirdParty/freeRTOS/include" -I"C:/Users/yunus/STM32CubeIDE/freeRTOS_Experiences/001_freeRTOS_FirstSight/ThirdParty/freeRTOS/portable/GCC/ARM_CM4F" -I../Drivers/STM32F4xx_HAL_Driver/Inc -I../Drivers/STM32F4xx_HAL_Driver/Inc/Legacy -I../Drivers/CMSIS/Device/ST/STM32F4xx/Include -I../Drivers/CMSIS/Include -O0 -ffunction-sections -fdata-sections -Wall -fstack-usage -fcyclomatic-complexity -MMD -MP -MF"ThirdParty/freeRTOS/tasks.d" -MT"ThirdParty/freeRTOS/tasks.o" --specs=nano.specs -mfpu=fpv4-sp-d16 -mfloat-abi=hard -mthumb -o "ThirdParty/freeRTOS/tasks.o"
arm-none-eabi-gcc "../ThirdParty/freeRTOS/timers.c" -mcpu=cortex-m4 -std=gnu11 -g3 -DDEBUG -DUSE_HAL_DRIVER -DSTM32F407xx -c -I../Core/Inc -I"C:/Users/yunus/STM32CubeIDE/freeRTOS_Experiences/001_freeRTOS_FirstSight/ThirdParty/freeRTOS" -I"C:/Users/yunus/STM32CubeIDE/freeRTOS_Experiences/001_freeRTOS_FirstSight/ThirdParty/freeRTOS/include" -I"C:/Users/yunus/STM32CubeIDE/freeRTOS_Experiences/001_freeRTOS_FirstSight/ThirdParty/freeRTOS/portable/GCC/ARM_CM4F" -I../Drivers/STM32F4xx_HAL_Driver/Inc -I../Drivers/STM32F4xx_HAL_Driver/Inc/Legacy -I../Drivers/CMSIS/Device/ST/STM32F4xx/Include -I../Drivers/CMSIS/Include -O0 -ffunction-sections -fdata-sections -Wall -fstack-usage -fcyclomatic-complexity -MMD -MP -MF"ThirdParty/freeRTOS/timers.d" -MT"ThirdParty/freeRTOS/timers.o" --specs=nano.specs -mfpu=fpv4-sp-d16 -mfloat-abi=hard -mthumb -o "ThirdParty/freeRTOS/timers.o"
arm-none-eabi-gcc "../Core/Src/main.c" -mcpu=cortex-m4 -std=gnu11 -g3 -DDEBUG -DUSE_HAL_DRIVER -DSTM32F407xx -c -I../Core/Inc -I"C:/Users/yunus/STM32CubeIDE/freeRTOS_Experiences/001_freeRTOS_FirstSight/ThirdParty/freeRTOS" -I"C:/Users/yunus/STM32CubeIDE/freeRTOS_Experiences/001_freeRTOS_FirstSight/ThirdParty/freeRTOS/include" -I"C:/Users/yunus/STM32CubeIDE/freeRTOS_Experiences/001_freeRTOS_FirstSight/ThirdParty/freeRTOS/portable/GCC/ARM_CM4F" -I../Drivers/STM32F4xx_HAL_Driver/Inc -I../Drivers/STM32F4xx_HAL_Driver/Inc/Legacy -I../Drivers/CMSIS/Device/ST/STM32F4xx/Include -I../Drivers/CMSIS/Include -O0 -ffunction-sections -fdata-sections -Wall -fstack-usage -fcyclomatic-complexity -MMD -MP -MF"Core/Src/main.d" -MT"Core/Src/main.o" --specs=nano.specs -mfpu=fpv4-sp-d16 -mfloat-abi=hard -mthumb -o "Core/Src/main.o"
arm-none-eabi-gcc -o "001_freeRTOS_FirstSight.elf" @"objects.list"   -mcpu=cortex-m4 -T"C:\Users\yunus\STM32CubeIDE\freeRTOS_Experiences\001_freeRTOS_FirstSight\STM32F407VGTX_FLASH.ld" --specs=nosys.specs -Wl,-Map="001_freeRTOS_FirstSight.map" -Wl,--gc-sections -static --specs=nano.specs -mfpu=fpv4-sp-d16 -mfloat-abi=hard -mthumb -Wl,--start-group -lc -lm -Wl,--end-group
Finished building target: 001_freeRTOS_FirstSight.elf
 
arm-none-eabi-size  001_freeRTOS_FirstSight.elf 
arm-none-eabi-objdump -h -S 001_freeRTOS_FirstSight.elf  > "001_freeRTOS_FirstSight.list"
   text	   data	    bss	    dec	    hex	filename
  19120	    112	  79200	  98432	  18080	001_freeRTOS_FirstSight.elf
Finished building: default.size.stdout
 
Finished building: 001_freeRTOS_FirstSight.list
 
